Archive member included to satisfy reference by file (symbol)

.build/obj_europe_ergo_default/serial_protocol.a(serial_protocol.o)
                              .build/obj_europe_ergo_default/quantum/split_common/transport.o (soft_serial_target_init)
.build/obj_europe_ergo_default/serial_vendor.a(serial_vendor.o)
                              .build/obj_europe_ergo_default/serial_protocol.a(serial_protocol.o) (serial_transport_driver_clear)
/usr/lib/gcc/arm-none-eabi/10.3.1/thumb/v6-m/nofp/libgcc.a(_thumb1_case_sqi.o)
                              .build/obj_europe_ergo_default/quantum/keycode_config.o (__gnu_thumb1_case_sqi)
/usr/lib/gcc/arm-none-eabi/10.3.1/thumb/v6-m/nofp/libgcc.a(_thumb1_case_uqi.o)
                              .build/obj_europe_ergo_default/quantum/quantum.o (__gnu_thumb1_case_uqi)
/usr/lib/gcc/arm-none-eabi/10.3.1/thumb/v6-m/nofp/libgcc.a(_thumb1_case_shi.o)
                              .build/obj_europe_ergo/lib/chibios/os/hal/lib/streams/chprintf.o (__gnu_thumb1_case_shi)
/usr/lib/gcc/arm-none-eabi/10.3.1/thumb/v6-m/nofp/libgcc.a(_thumb1_case_uhi.o)
                              .build/obj_europe_ergo_default/quantum/action.o (__gnu_thumb1_case_uhi)
/usr/lib/gcc/arm-none-eabi/10.3.1/thumb/v6-m/nofp/libgcc.a(_dvmd_tls.o)
                              .build/obj_europe_ergo/./lib/pico-sdk/src/rp2_common/pico_divider/divider.o (__aeabi_idiv0)
/usr/lib/gcc/arm-none-eabi/10.3.1/thumb/v6-m/nofp/libgcc.a(_ctzsi2.o)
                              .build/obj_europe_ergo/./lib/pico-sdk/src/rp2_common/hardware_pio/pio.o (__ctzsi2)
/usr/lib/gcc/arm-none-eabi/10.3.1/thumb/v6-m/nofp/libgcc.a(_fixunssfsi.o)
                              .build/obj_europe_ergo_default/serial_vendor.a(serial_vendor.o) (__aeabi_f2uiz)
/usr/lib/gcc/arm-none-eabi/10.3.1/thumb/v6-m/nofp/libgcc.a(divsf3.o)
                              .build/obj_europe_ergo_default/serial_vendor.a(serial_vendor.o) (__aeabi_fdiv)
/usr/lib/gcc/arm-none-eabi/10.3.1/thumb/v6-m/nofp/libgcc.a(mulsf3.o)
                              .build/obj_europe_ergo_default/serial_vendor.a(serial_vendor.o) (__aeabi_fmul)
/usr/lib/gcc/arm-none-eabi/10.3.1/thumb/v6-m/nofp/libgcc.a(subsf3.o)
                              .build/obj_europe_ergo_default/serial_vendor.a(serial_vendor.o) (__aeabi_fsub)
/usr/lib/gcc/arm-none-eabi/10.3.1/thumb/v6-m/nofp/libgcc.a(fixsfsi.o)
                              /usr/lib/gcc/arm-none-eabi/10.3.1/thumb/v6-m/nofp/libgcc.a(_fixunssfsi.o) (__aeabi_f2iz)
/usr/lib/gcc/arm-none-eabi/10.3.1/thumb/v6-m/nofp/libgcc.a(floatunsisf.o)
                              .build/obj_europe_ergo_default/serial_vendor.a(serial_vendor.o) (__aeabi_ui2f)
/usr/lib/gcc/arm-none-eabi/10.3.1/thumb/v6-m/nofp/libgcc.a(_arm_cmpsf2.o)
                              /usr/lib/gcc/arm-none-eabi/10.3.1/thumb/v6-m/nofp/libgcc.a(_fixunssfsi.o) (__aeabi_fcmpge)
/usr/lib/gcc/arm-none-eabi/10.3.1/thumb/v6-m/nofp/libgcc.a(_clzsi2.o)
                              /usr/lib/gcc/arm-none-eabi/10.3.1/thumb/v6-m/nofp/libgcc.a(divsf3.o) (__clzsi2)
/usr/lib/gcc/arm-none-eabi/10.3.1/thumb/v6-m/nofp/libgcc.a(eqsf2.o)
                              /usr/lib/gcc/arm-none-eabi/10.3.1/thumb/v6-m/nofp/libgcc.a(_arm_cmpsf2.o) (__eqsf2)
/usr/lib/gcc/arm-none-eabi/10.3.1/thumb/v6-m/nofp/libgcc.a(gesf2.o)
                              /usr/lib/gcc/arm-none-eabi/10.3.1/thumb/v6-m/nofp/libgcc.a(_arm_cmpsf2.o) (__gesf2)
/usr/lib/gcc/arm-none-eabi/10.3.1/thumb/v6-m/nofp/libgcc.a(lesf2.o)
                              /usr/lib/gcc/arm-none-eabi/10.3.1/thumb/v6-m/nofp/libgcc.a(_arm_cmpsf2.o) (__lesf2)
/usr/lib/gcc/arm-none-eabi/10.3.1/../../../arm-none-eabi/lib/thumb/v6-m/nofp/libg_nano.a(lib_a-abort.o)
                              .build/obj_europe_ergo/lib/chibios/os/various/syscalls.o (abort)
/usr/lib/gcc/arm-none-eabi/10.3.1/../../../arm-none-eabi/lib/thumb/v6-m/nofp/libg_nano.a(lib_a-ctype_.o)
                              .build/obj_europe_ergo_default/quantum/send_string/send_string.o (_ctype_)
/usr/lib/gcc/arm-none-eabi/10.3.1/../../../arm-none-eabi/lib/thumb/v6-m/nofp/libg_nano.a(lib_a-errno.o)
                              .build/obj_europe_ergo/platforms/chibios/syscall-fallbacks.o (__errno)
/usr/lib/gcc/arm-none-eabi/10.3.1/../../../arm-none-eabi/lib/thumb/v6-m/nofp/libg_nano.a(lib_a-impure.o)
                              /usr/lib/gcc/arm-none-eabi/10.3.1/../../../arm-none-eabi/lib/thumb/v6-m/nofp/libg_nano.a(lib_a-errno.o) (_impure_ptr)
/usr/lib/gcc/arm-none-eabi/10.3.1/../../../arm-none-eabi/lib/thumb/v6-m/nofp/libg_nano.a(lib_a-memcmp.o)
                              .build/obj_europe_ergo_default/quantum/action_util.o (memcmp)
/usr/lib/gcc/arm-none-eabi/10.3.1/../../../arm-none-eabi/lib/thumb/v6-m/nofp/libg_nano.a(lib_a-memcpy-stub.o)
                              .build/obj_europe_ergo_default/quantum/action_tapping.o (memcpy)
/usr/lib/gcc/arm-none-eabi/10.3.1/../../../arm-none-eabi/lib/thumb/v6-m/nofp/libg_nano.a(lib_a-memset.o)
[...]
Memory Configuration

Name             Origin             Length             Attributes
flash0           0x0000000000000000 0x0000000000004000 xr
flash1           0x0000000010000000 0x0000000000200000 xr
flash2           0x0000000000000000 0x0000000000000000 xr
flash3           0x0000000000000000 0x0000000000000000 xr
flash4           0x0000000000000000 0x0000000000000000 xr
flash5           0x0000000000000000 0x0000000000000000 xr
flash6           0x0000000000000000 0x0000000000000000 xr
flash7           0x0000000000000000 0x0000000000000000 xr
ram0             0x0000000020000000 0x0000000000040000 xw
ram1             0x0000000000000000 0x0000000000040000 xw
ram2             0x0000000000000000 0x0000000000000000 xw
ram3             0x0000000000000000 0x0000000000000000 xw
ram4             0x0000000020040000 0x0000000000001000 xw
ram5             0x0000000020041000 0x0000000000001000 xw
ram6             0x0000000000000000 0x0000000000000000 xw
ram7             0x0000000020041f00 0x0000000000000100 xw
*default*        0x0000000000000000 0xffffffffffffffff

Linker script and memory map

LOAD .build/obj_europe_ergo_default/.build/obj_europe_ergo/src/default_keyboard.o
LOAD .build/obj_europe_ergo_default/quantum/keymap_introspection.o
LOAD .build/obj_europe_ergo_default/quantum/quantum.o
LOAD .build/obj_europe_ergo_default/quantum/bitwise.o
LOAD .build/obj_europe_ergo_default/quantum/led.o
LOAD .build/obj_europe_ergo_default/quantum/action.o
LOAD .build/obj_europe_ergo_default/quantum/action_layer.o
LOAD .build/obj_europe_ergo_default/quantum/action_tapping.o
LOAD .build/obj_europe_ergo_default/quantum/action_util.o
LOAD .build/obj_europe_ergo_default/quantum/eeconfig.o
LOAD .build/obj_europe_ergo_default/quantum/keyboard.o
LOAD .build/obj_europe_ergo_default/quantum/keymap_common.o
LOAD .build/obj_europe_ergo_default/quantum/keycode_config.o
LOAD .build/obj_europe_ergo_default/quantum/sync_timer.o
LOAD .build/obj_europe_ergo_default/quantum/logging/debug.o
LOAD .build/obj_europe_ergo_default/quantum/logging/sendchar.o
LOAD .build/obj_europe_ergo_default/quantum/logging/print.o
LOAD .build/obj_europe_ergo_default/quantum/bootmagic/bootmagic_lite.o
LOAD .build/obj_europe_ergo_default/quantum/bootmagic/magic.o
LOAD .build/obj_europe_ergo_default/quantum/matrix_common.o
LOAD .build/obj_europe_ergo_default/quantum/matrix.o
LOAD .build/obj_europe_ergo_default/quantum/debounce/sym_defer_g.o
LOAD .build/obj_europe_ergo_default/quantum/split_common/split_util.o
LOAD .build/obj_europe_ergo_default/quantum/split_common/transport.o
LOAD .build/obj_europe_ergo_default/quantum/split_common/transactions.o
LOAD .build/obj_europe_ergo_default/quantum/main.o
LOAD .build/obj_europe_ergo_default/printf.o
LOAD .build/obj_europe_ergo_default/eeprom_driver.o
LOAD .build/obj_europe_ergo_default/eeprom_wear_leveling.o
LOAD .build/obj_europe_ergo_default/wear_leveling.o
LOAD .build/obj_europe_ergo_default/wear_leveling_rp2040_flash.o
LOAD .build/obj_europe_ergo_default/crc.o
LOAD .build/obj_europe_ergo_default/qmk_fnv_type_validation.o
LOAD .build/obj_europe_ergo_default/hash_32a.o
LOAD .build/obj_europe_ergo_default/hash_64a.o
LOAD .build/obj_europe_ergo_default/quantum/process_keycode/process_magic.o
LOAD .build/obj_europe_ergo_default/quantum/send_string/send_string.o
LOAD .build/obj_europe_ergo_default/quantum/process_keycode/process_grave_esc.o
LOAD .build/obj_europe_ergo_default/quantum/process_keycode/process_space_cadet.o
LOAD .build/obj_europe_ergo_default/serial_protocol.a
LOAD .build/obj_europe_ergo_default/serial_vendor.a
LOAD .build/obj_europe_ergo_default/./lib/chibios/os/common/startup/ARMCMx/compilers/GCC/crt0_v6m.o
LOAD .build/obj_europe_ergo_default/./lib/chibios/os/common/startup/ARMCMx/compilers/GCC/vectors.o
LOAD .build/obj_europe_ergo_default/./lib/chibios/os/common/ports/ARMv6-M-RP2/compilers/GCC/chcoreasm.o
LOAD .build/obj_europe_ergo_default/protocol/host.o
LOAD .build/obj_europe_ergo_default/protocol/report.o
LOAD .build/obj_europe_ergo_default/protocol/usb_device_state.o
LOAD .build/obj_europe_ergo_default/protocol/usb_util.o
LOAD .build/obj_europe_ergo_default/platforms/suspend.o
LOAD .build/obj_europe_ergo_default/platforms/synchronization_util.o
LOAD .build/obj_europe_ergo_default/platforms/timer.o
LOAD .build/obj_europe_ergo_default/platforms/chibios/hardware_id.o
LOAD .build/obj_europe_ergo_default/platforms/chibios/platform.o
LOAD .build/obj_europe_ergo_default/platforms/chibios/suspend.o
LOAD .build/obj_europe_ergo_default/platforms/chibios/timer.o
LOAD .build/obj_europe_ergo_default/platforms/chibios/bootloaders/rp2040.o
LOAD .build/obj_europe_ergo_default/protocol/chibios/usb_main.o
LOAD .build/obj_europe_ergo_default/protocol/chibios/chibios.o
LOAD .build/obj_europe_ergo_default/usb_descriptor.o
LOAD .build/obj_europe_ergo_default/protocol/chibios/usb_driver.o
LOAD .build/obj_europe_ergo_default/protocol/chibios/usb_util.o
LOAD .build/obj_europe_ergo_default/./lib/chibios/os/oslib/src/chmboxes.o
LOAD .build/obj_europe_ergo_default/./lib/chibios/os/oslib/src/chmemcore.o
LOAD .build/obj_europe_ergo_default/./lib/chibios/os/oslib/src/chmemheaps.o
LOAD .build/obj_europe_ergo_default/./lib/chibios/os/oslib/src/chmempools.o
LOAD .build/obj_europe_ergo_default/./lib/chibios/os/oslib/src/chpipes.o
LOAD .build/obj_europe_ergo_default/./lib/chibios/os/oslib/src/chobjcaches.o
LOAD .build/obj_europe_ergo_default/./lib/chibios/os/oslib/src/chdelegates.o
LOAD .build/obj_europe_ergo_default/./lib/chibios/os/oslib/src/chfactory.o
LOAD .build/obj_europe_ergo/lib/chibios/os/common/startup/ARMCMx/compilers/GCC/crt1.o
LOAD .build/obj_europe_ergo/lib/chibios/os/rt/src/chsys.o
LOAD .build/obj_europe_ergo/lib/chibios/os/rt/src/chrfcu.o
LOAD .build/obj_europe_ergo/lib/chibios/os/rt/src/chdebug.o
LOAD .build/obj_europe_ergo/lib/chibios/os/rt/src/chtrace.o
LOAD .build/obj_europe_ergo/lib/chibios/os/rt/src/chvt.o
LOAD .build/obj_europe_ergo/lib/chibios/os/rt/src/chschd.o
LOAD .build/obj_europe_ergo/lib/chibios/os/rt/src/chinstances.o
LOAD .build/obj_europe_ergo/lib/chibios/os/rt/src/chthreads.o
LOAD .build/obj_europe_ergo/lib/chibios/os/rt/src/chtm.o
LOAD .build/obj_europe_ergo/lib/chibios/os/rt/src/chstats.o
LOAD .build/obj_europe_ergo/lib/chibios/os/rt/src/chregistry.o
LOAD .build/obj_europe_ergo/lib/chibios/os/rt/src/chsem.o
LOAD .build/obj_europe_ergo/lib/chibios/os/rt/src/chmtx.o
LOAD .build/obj_europe_ergo/lib/chibios/os/rt/src/chcond.o
LOAD .build/obj_europe_ergo/lib/chibios/os/rt/src/chevents.o
LOAD .build/obj_europe_ergo/lib/chibios/os/rt/src/chmsg.o
LOAD .build/obj_europe_ergo/lib/chibios/os/rt/src/chdynamic.o
LOAD .build/obj_europe_ergo/lib/chibios/os/common/ports/ARMv6-M-RP2/chcore.o
LOAD .build/obj_europe_ergo/lib/chibios/os/hal/osal/rt-nil/osal.o
LOAD .build/obj_europe_ergo/lib/chibios/os/hal/src/hal.o
LOAD .build/obj_europe_ergo/lib/chibios/os/hal/src/hal_st.o
LOAD .build/obj_europe_ergo/lib/chibios/os/hal/src/hal_buffers.o
LOAD .build/obj_europe_ergo/lib/chibios/os/hal/src/hal_queues.o
LOAD .build/obj_europe_ergo/lib/chibios/os/hal/src/hal_flash.o
LOAD .build/obj_europe_ergo/lib/chibios/os/hal/src/hal_mmcsd.o
LOAD .build/obj_europe_ergo/lib/chibios/os/hal/src/hal_adc.o
LOAD .build/obj_europe_ergo/lib/chibios/os/hal/src/hal_can.o
LOAD .build/obj_europe_ergo/lib/chibios/os/hal/src/hal_crypto.o
LOAD .build/obj_europe_ergo/lib/chibios/os/hal/src/hal_dac.o
LOAD .build/obj_europe_ergo/lib/chibios/os/hal/src/hal_efl.o
LOAD .build/obj_europe_ergo/lib/chibios/os/hal/src/hal_gpt.o
LOAD .build/obj_europe_ergo/lib/chibios/os/hal/src/hal_i2c.o
LOAD .build/obj_europe_ergo/lib/chibios/os/hal/src/hal_i2s.o
LOAD .build/obj_europe_ergo/lib/chibios/os/hal/src/hal_icu.o
LOAD .build/obj_europe_ergo/lib/chibios/os/hal/src/hal_mac.o
LOAD .build/obj_europe_ergo/lib/chibios/os/hal/src/hal_mmc_spi.o
LOAD .build/obj_europe_ergo/lib/chibios/os/hal/src/hal_pal.o
LOAD .build/obj_europe_ergo/lib/chibios/os/hal/src/hal_pwm.o
LOAD .build/obj_europe_ergo/lib/chibios/os/hal/src/hal_rtc.o
LOAD .build/obj_europe_ergo/lib/chibios/os/hal/src/hal_sdc.o
LOAD .build/obj_europe_ergo/lib/chibios/os/hal/src/hal_serial.o
LOAD .build/obj_europe_ergo/lib/chibios/os/hal/src/hal_serial_usb.o
LOAD .build/obj_europe_ergo/lib/chibios/os/hal/src/hal_sio.o
LOAD .build/obj_europe_ergo/lib/chibios/os/hal/src/hal_spi.o
LOAD .build/obj_europe_ergo/lib/chibios/os/hal/src/hal_trng.o
LOAD .build/obj_europe_ergo/lib/chibios/os/hal/src/hal_uart.o
LOAD .build/obj_europe_ergo/lib/chibios/os/hal/src/hal_usb.o
LOAD .build/obj_europe_ergo/lib/chibios/os/hal/src/hal_wdg.o
LOAD .build/obj_europe_ergo/lib/chibios/os/hal/src/hal_wspi.o
LOAD .build/obj_europe_ergo/lib/chibios/os/hal/ports/common/ARMCMx/nvic.o
LOAD .build/obj_europe_ergo/lib/chibios/os/hal/ports/RP/RP2040/rp_isr.o
LOAD .build/obj_europe_ergo/lib/chibios/os/hal/ports/RP/RP2040/hal_lld.o
LOAD .build/obj_europe_ergo/lib/chibios/os/hal/ports/RP/LLD/DMAv1/rp_dma.o
LOAD .build/obj_europe_ergo/lib/chibios/os/hal/ports/RP/LLD/GPIOv1/hal_pal_lld.o
LOAD .build/obj_europe_ergo/lib/chibios/os/hal/ports/RP/LLD/SPIv1/hal_spi_lld.o
LOAD .build/obj_europe_ergo/lib/chibios/os/hal/ports/RP/LLD/TIMERv1/hal_st_lld.o
LOAD .build/obj_europe_ergo/lib/chibios/os/hal/ports/RP/LLD/UARTv1/hal_sio_lld.o
LOAD .build/obj_europe_ergo/lib/chibios/os/hal/ports/RP/LLD/RTCv1/hal_rtc_lld.o
LOAD .build/obj_europe_ergo/lib/chibios/os/hal/ports/RP/LLD/WDGv1/hal_wdg_lld.o
LOAD .build/obj_europe_ergo/lib/chibios-contrib/os/hal/ports/RP/LLD/I2Cv1/hal_i2c_lld.o
LOAD .build/obj_europe_ergo/lib/chibios-contrib/os/hal/ports/RP/LLD/PWMv1/hal_pwm_lld.o
LOAD .build/obj_europe_ergo/lib/chibios-contrib/os/hal/ports/RP/LLD/ADCv1/hal_adc_lld.o
LOAD .build/obj_europe_ergo/lib/chibios-contrib/os/hal/ports/RP/LLD/USBDv1/hal_usb_lld.o
LOAD .build/obj_europe_ergo/lib/chibios/os/hal/boards/RP_PICO_RP2040/board.o
LOAD .build/obj_europe_ergo/lib/chibios/os/hal/lib/streams/chprintf.o
LOAD .build/obj_europe_ergo/lib/chibios/os/hal/lib/streams/chscanf.o
LOAD .build/obj_europe_ergo/lib/chibios/os/hal/lib/streams/memstreams.o
LOAD .build/obj_europe_ergo/lib/chibios/os/hal/lib/streams/nullstreams.o
LOAD .build/obj_europe_ergo/lib/chibios/os/hal/lib/streams/bufstreams.o
LOAD .build/obj_europe_ergo/lib/chibios/os/various/syscalls.o
LOAD .build/obj_europe_ergo/platforms/chibios/syscall-fallbacks.o
LOAD .build/obj_europe_ergo/platforms/chibios/wait.o
LOAD .build/obj_europe_ergo/platforms/chibios/synchronization_util.o
LOAD .build/obj_europe_ergo/./lib/pico-sdk/src/rp2_common/hardware_clocks/clocks.o
LOAD .build/obj_europe_ergo/./lib/pico-sdk/src/rp2_common/hardware_pll/pll.o
LOAD .build/obj_europe_ergo/./lib/pico-sdk/src/rp2_common/hardware_pio/pio.o
LOAD .build/obj_europe_ergo/./lib/pico-sdk/src/rp2_common/hardware_timer/timer.o
LOAD .build/obj_europe_ergo/./lib/pico-sdk/src/rp2_common/hardware_flash/flash.o
LOAD .build/obj_europe_ergo/./lib/pico-sdk/src/rp2_common/hardware_gpio/gpio.o
LOAD .build/obj_europe_ergo/./lib/pico-sdk/src/rp2_common/hardware_claim/claim.o
LOAD .build/obj_europe_ergo/./lib/pico-sdk/src/rp2_common/hardware_watchdog/watchdog.o
LOAD .build/obj_europe_ergo/./lib/pico-sdk/src/rp2_common/hardware_xosc/xosc.o
LOAD .build/obj_europe_ergo/./lib/pico-sdk/src/rp2_common/pico_bootrom/bootrom.o
LOAD .build/obj_europe_ergo/platforms/chibios/vendors/RP/stage2_bootloaders.o
LOAD .build/obj_europe_ergo/platforms/chibios/vendors/RP/pico_sdk_shims.o
LOAD .build/obj_europe_ergo/./lib/pico-sdk/src/rp2_common/pico_divider/divider.o
LOAD .build/obj_europe_ergo/./lib/pico-sdk/src/rp2_common/pico_int64_ops/pico_int64_ops_aeabi.o
                0x0000000000000800                __process_stack_size__ = 0x800
                0x0000000000000400                __main_stack_size__ = 0x400
LOAD /usr/lib/gcc/arm-none-eabi/10.3.1/../../../arm-none-eabi/lib/thumb/v6-m/nofp/libm.a
START GROUP
LOAD /usr/lib/gcc/arm-none-eabi/10.3.1/thumb/v6-m/nofp/libgcc.a
LOAD /usr/lib/gcc/arm-none-eabi/10.3.1/../../../arm-none-eabi/lib/thumb/v6-m/nofp/libg_nano.a
LOAD /usr/lib/gcc/arm-none-eabi/10.3.1/../../../arm-none-eabi/lib/thumb/v6-m/nofp/libc_nano.a
END GROUP
START GROUP
LOAD /usr/lib/gcc/arm-none-eabi/10.3.1/thumb/v6-m/nofp/libgcc.a
LOAD /usr/lib/gcc/arm-none-eabi/10.3.1/../../../arm-none-eabi/lib/thumb/v6-m/nofp/libc_nano.a
END GROUP

.flash_begin    0x0000000010000000        0x0
                0x0000000010000000                __flash_binary_start = .

.boot2          0x0000000010000000      0x100
                0x0000000010000000                __boot2_start__ = .
 *(.boot2)
 .boot2         0x0000000010000000      0x100 .build/obj_europe_ergo/platforms/chibios/vendors/RP/stage2_bootloaders.o
                0x0000000010000000                BOOT2_ROM
                0x0000000010000100                __boot2_end__ = .

.mstack         0x0000000020040000      0x400
                0x0000000020040000                . = ALIGN (0x8)
                0x0000000020040000                __main_stack_base__ = .
                0x0000000020040400                . = (. + __main_stack_size__)
 *fill*         0x0000000020040000      0x400 
                0x0000000020040400                . = ALIGN (0x8)
                0x0000000020040400                __main_stack_end__ = .

.pstack         0x0000000020040400      0x800
                0x0000000020040400                . = ALIGN (0x8)
                0x0000000020040400                __process_stack_base__ = .
                0x0000000020040400                __main_thread_stack_base__ = .
                0x0000000020040c00                . = (. + __process_stack_size__)
 *fill*         0x0000000020040400      0x800 
                0x0000000020040c00                . = ALIGN (0x8)
                0x0000000020040c00                __process_stack_end__ = .
                0x0000000020040c00                __main_thread_stack_end__ = .
                0x0000000000000400                __c1_main_stack_size__ = __main_stack_size__
                0x0000000000000800                __c1_process_stack_size__ = __process_stack_size__

.c1_mstack      0x0000000020041000      0x400
                0x0000000020041000                . = ALIGN (0x8)
                0x0000000020041000                __c1_main_stack_base__ = .
                0x0000000020041400                . = (. + __c1_main_stack_size__)
 *fill*         0x0000000020041000      0x400 
                0x0000000020041400                . = ALIGN (0x8)
                0x0000000020041400                __c1_main_stack_end__ = .

.c1_pstack      0x0000000020041400      0x800
                0x0000000020041400                . = ALIGN (0x8)
                0x0000000020041400                __c1_process_stack_base__ = .
                0x0000000020041400                __c1_main_thread_stack_base__ = .
                0x0000000020041c00                . = (. + __c1_process_stack_size__)
 *fill*         0x0000000020041400      0x800 
                0x0000000020041c00                . = ALIGN (0x8)
                0x0000000020041c00                __c1_process_stack_end__ = .
                0x0000000020041c00                __c1_main_thread_stack_end__ = .

.vectors        0x0000000010000100       0xc0
                0x0000000010000100                __textvectors_base__ = LOADADDR (.vectors)
                0x0000000010000100                __vectors_base__ = .
 *(.vectors)
 .vectors       0x0000000010000100       0xc0 .build/obj_europe_ergo_default/./lib/chibios/os/common/startup/ARMCMx/compilers/GCC/vectors.o
                0x0000000010000100                _vectors
                0x00000000100001c0                __vectors_end__ = .

.xtors          0x00000000100001c0        0x0
                0x00000000100001c0                __init_array_base__ = .
 *(SORT_BY_NAME(.init_array.*))
 *(.init_array)
                0x00000000100001c0                __init_array_end__ = .
                0x00000000100001c0                __fini_array_base__ = .
 *(.fini_array)
 *(SORT_BY_NAME(.fini_array.*))
                0x00000000100001c0                __fini_array_end__ = .

.text           0x00000000100001c0     0x8248
                0x00000000100001c0                __text_base__ = .
 *(.text)
 .text          0x00000000100001c0      0x104 .build/obj_europe_ergo_default/./lib/chibios/os/common/startup/ARMCMx/compilers/GCC/crt0_v6m.o
                0x00000000100001c0                _crt0_entry
 .text          0x00000000100002c4        0x8 .build/obj_europe_ergo_default/./lib/chibios/os/common/startup/ARMCMx/compilers/GCC/vectors.o
                0x00000000100002c4                Reset_Handler
                0x00000000100002c6                Vector58
                0x00000000100002c6                Vector9C
                0x00000000100002c6                VectorAC
                0x00000000100002c6                DebugMon_Handler
                0x00000000100002c6                HardFault_Handler
                0x00000000100002c6                Vector8C
                0x00000000100002c6                SysTick_Handler
                0x00000000100002c6                PendSV_Handler
                0x00000000100002c6                Vector94
                0x00000000100002c6                VectorA8
                0x00000000100002c6                VectorB4
                0x00000000100002c6                Vector74
                0x00000000100002c6                UsageFault_Handler
                0x00000000100002c6                VectorBC
                0x00000000100002c6                Vector64
                0x00000000100002c6                Vector98
                0x00000000100002c6                Vector24
                0x00000000100002c6                Vector84
                0x00000000100002c6                SecureFault_Handler
                0x00000000100002c6                MemManage_Handler
                0x00000000100002c6                Vector6C
                0x00000000100002c6                VectorA0
                0x00000000100002c6                SVC_Handler
                0x00000000100002c6                VectorB0
                0x00000000100002c6                Vector90
                0x00000000100002c6                Vector60
                0x00000000100002c6                Vector70
                0x00000000100002c6                Vector68
                0x00000000100002c6                Vector78
                0x00000000100002c6                Vector88
                0x00000000100002c6                BusFault_Handler
                0x00000000100002c6                Vector50
                0x00000000100002c6                Vector28
                0x00000000100002c6                VectorB8
                0x00000000100002c6                Vector34
                0x00000000100002c6                VectorA4
                0x00000000100002c6                Vector20
                0x00000000100002ca                _unhandled_exception
 .text          0x00000000100002cc       0x48 .build/obj_europe_ergo_default/./lib/chibios/os/common/ports/ARMv6-M-RP2/compilers/GCC/chcoreasm.o
                0x00000000100002cc                __port_switch
                0x00000000100002ec                __port_thread_start
                0x00000000100002fe                __port_switch_from_isr
                0x0000000010000302                __port_exit_from_isr
 .text          0x0000000010000314       0x14 /usr/lib/gcc/arm-none-eabi/10.3.1/thumb/v6-m/nofp/libgcc.a(_thumb1_case_sqi.o)
                0x0000000010000314                __gnu_thumb1_case_sqi
 .text          0x0000000010000328       0x14 /usr/lib/gcc/arm-none-eabi/10.3.1/thumb/v6-m/nofp/libgcc.a(_thumb1_case_uqi.o)
                0x0000000010000328                __gnu_thumb1_case_uqi
 .text          0x000000001000033c       0x14 /usr/lib/gcc/arm-none-eabi/10.3.1/thumb/v6-m/nofp/libgcc.a(_thumb1_case_uhi.o)
                0x000000001000033c                __gnu_thumb1_case_uhi
 .text          0x0000000010000350        0x4 /usr/lib/gcc/arm-none-eabi/10.3.1/thumb/v6-m/nofp/libgcc.a(_dvmd_tls.o)
                0x0000000010000350                __aeabi_ldiv0
                0x0000000010000350                __aeabi_idiv0
 .text          0x0000000010000354       0x40 /usr/lib/gcc/arm-none-eabi/10.3.1/thumb/v6-m/nofp/libgcc.a(_ctzsi2.o)
                0x0000000010000354                __ctzsi2
 .text          0x0000000010000394       0x30 /usr/lib/gcc/arm-none-eabi/10.3.1/thumb/v6-m/nofp/libgcc.a(_fixunssfsi.o)
                0x0000000010000394                __aeabi_f2uiz
                0x0000000010000394                __fixunssfsi
 .text          0x00000000100003c4      0x230 /usr/lib/gcc/arm-none-eabi/10.3.1/thumb/v6-m/nofp/libgcc.a(divsf3.o)
                0x00000000100003c4                __aeabi_fdiv
 .text          0x00000000100005f4      0x24c /usr/lib/gcc/arm-none-eabi/10.3.1/thumb/v6-m/nofp/libgcc.a(mulsf3.o)
                0x00000000100005f4                __aeabi_fmul
 .text          0x0000000010000840      0x35c /usr/lib/gcc/arm-none-eabi/10.3.1/thumb/v6-m/nofp/libgcc.a(subsf3.o)
                0x0000000010000840                __aeabi_fsub
 .text          0x0000000010000b9c       0x40 /usr/lib/gcc/arm-none-eabi/10.3.1/thumb/v6-m/nofp/libgcc.a(fixsfsi.o)
                0x0000000010000b9c                __aeabi_f2iz
 .text          0x0000000010000bdc       0x84 /usr/lib/gcc/arm-none-eabi/10.3.1/thumb/v6-m/nofp/libgcc.a(floatunsisf.o)
                0x0000000010000bdc                __aeabi_ui2f
 .text          0x0000000010000c60       0x74 /usr/lib/gcc/arm-none-eabi/10.3.1/thumb/v6-m/nofp/libgcc.a(_arm_cmpsf2.o)
                0x0000000010000c60                __aeabi_cfrcmple
                0x0000000010000c68                __aeabi_cfcmple
                0x0000000010000c68                __aeabi_cfcmpeq
                0x0000000010000c78                __aeabi_fcmpeq
                0x0000000010000c84                __aeabi_fcmplt
                0x0000000010000c98                __aeabi_fcmple
                0x0000000010000cac                __aeabi_fcmpgt
                0x0000000010000cc0                __aeabi_fcmpge
 .text          0x0000000010000cd4       0x3c /usr/lib/gcc/arm-none-eabi/10.3.1/thumb/v6-m/nofp/libgcc.a(_clzsi2.o)
                0x0000000010000cd4                __clzsi2
 .text          0x0000000010000d10       0x4c /usr/lib/gcc/arm-none-eabi/10.3.1/thumb/v6-m/nofp/libgcc.a(eqsf2.o)
                0x0000000010000d10                __nesf2
                0x0000000010000d10                __eqsf2
 .text          0x0000000010000d5c       0x8c /usr/lib/gcc/arm-none-eabi/10.3.1/thumb/v6-m/nofp/libgcc.a(gesf2.o)
                0x0000000010000d5c                __gtsf2
                0x0000000010000d5c                __gesf2
 .text          0x0000000010000de8       0x88 /usr/lib/gcc/arm-none-eabi/10.3.1/thumb/v6-m/nofp/libgcc.a(lesf2.o)
                0x0000000010000de8                __lesf2
                0x0000000010000de8                __ltsf2
 .text          0x0000000010000e70       0x48 /usr/lib/gcc/arm-none-eabi/10.3.1/../../../arm-none-eabi/lib/thumb/v6-m/nofp/libg_nano.a(lib_a-memcmp.o)
                0x0000000010000e70                memcmp
 .text          0x0000000010000eb8       0xa4 /usr/lib/gcc/arm-none-eabi/10.3.1/../../../arm-none-eabi/lib/thumb/v6-m/nofp/libg_nano.a(lib_a-memcpy-stub.o)
                0x0000000010000eb8                memcpy
 .text          0x0000000010000f5c       0xa8 /usr/lib/gcc/arm-none-eabi/10.3.1/../../../arm-none-eabi/lib/thumb/v6-m/nofp/libg_nano.a(lib_a-memset.o)
                0x0000000010000f5c                memset
 *(.text.*)
 .text.keyboard_pre_init_kb
                0x0000000010001004       0x48 .build/obj_europe_ergo_default/quantum/keymap_introspection.o
                0x0000000010001004                keyboard_pre_init_kb
 .text.process_record_user
                0x000000001000104c       0x30 .build/obj_europe_ergo_default/quantum/keymap_introspection.o
                0x000000001000104c                process_record_user
 .text.housekeeping_task_user
                0x000000001000107c       0x54 .build/obj_europe_ergo_default/quantum/keymap_introspection.o
                0x000000001000107c                housekeeping_task_user
 .text.keycode_at_keymap_location_raw
                0x00000000100010d0       0x2c .build/obj_europe_ergo_default/quantum/keymap_introspection.o
                0x00000000100010d0                keycode_at_keymap_location_raw
 .text.keycode_at_keymap_location
                0x00000000100010fc        0x8 .build/obj_europe_ergo_default/quantum/keymap_introspection.o
                0x00000000100010fc                keycode_at_keymap_location
 .text.pre_process_record_user
                0x0000000010001104        0x4 .build/obj_europe_ergo_default/quantum/quantum.o
                0x0000000010001104                pre_process_record_user
 .text.pre_process_record_kb
                0x0000000010001108        0x8 .build/obj_europe_ergo_default/quantum/quantum.o
                0x0000000010001108                pre_process_record_kb
 .text.process_action_kb
                0x0000000010001110        0x4 .build/obj_europe_ergo_default/quantum/quantum.o
                0x0000000010001110                process_action_kb
 .text.process_record_kb
                0x0000000010001114        0x8 .build/obj_europe_ergo_default/quantum/quantum.o
                0x0000000010001114                process_record_kb
 .text.post_process_record_user
                0x000000001000111c        0x2 .build/obj_europe_ergo_default/quantum/quantum.o
                0x000000001000111c                post_process_record_user
 .text.post_process_record_kb
                0x000000001000111e        0x8 .build/obj_europe_ergo_default/quantum/quantum.o
                0x000000001000111e                post_process_record_kb
 *fill*         0x0000000010001126        0x2 
 .text.get_event_keycode
                0x0000000010001128       0x4c .build/obj_europe_ergo_default/quantum/quantum.o
                0x0000000010001128                get_event_keycode
 .text.get_record_keycode
                0x0000000010001174       0x16 .build/obj_europe_ergo_default/quantum/quantum.o
                0x0000000010001174                get_record_keycode
 .text.pre_process_record_quantum
                0x000000001000118a       0x12 .build/obj_europe_ergo_default/quantum/quantum.o
                0x000000001000118a                pre_process_record_quantum
 .text.post_process_record_quantum
                0x000000001000119c       0x12 .build/obj_europe_ergo_default/quantum/quantum.o
                0x000000001000119c                post_process_record_quantum
 .text.shutdown_user
                0x00000000100011ae        0x2 .build/obj_europe_ergo_default/quantum/quantum.o
                0x00000000100011ae                shutdown_user
 .text.shutdown_quantum
                0x00000000100011b0       0x18 .build/obj_europe_ergo_default/quantum/quantum.o
                0x00000000100011b0                shutdown_quantum
 .text.reset_keyboard
                0x00000000100011c8        0xc .build/obj_europe_ergo_default/quantum/quantum.o
                0x00000000100011c8                reset_keyboard
 .text.soft_reset_keyboard
                0x00000000100011d4        0xc .build/obj_europe_ergo_default/quantum/quantum.o
                0x00000000100011d4                soft_reset_keyboard
 .text.process_record_quantum
                0x00000000100011e0       0xe0 .build/obj_europe_ergo_default/quantum/quantum.o
                0x00000000100011e0                process_record_quantum
 .text.suspend_power_down_quantum
                0x00000000100012c0        0xc .build/obj_europe_ergo_default/quantum/quantum.o
                0x00000000100012c0                suspend_power_down_quantum
 .text.suspend_wakeup_init_quantum
                0x00000000100012cc        0xc .build/obj_europe_ergo_default/quantum/quantum.o
                0x00000000100012cc                suspend_wakeup_init_quantum
 .text.biton16  0x00000000100012d8       0x2c .build/obj_europe_ergo_default/quantum/bitwise.o
                0x00000000100012d8                biton16
 .text.bitrev   0x0000000010001304       0x26 .build/obj_europe_ergo_default/quantum/bitwise.o
                0x0000000010001304                bitrev
 .text.bitrev16
                0x000000001000132a       0x1a .build/obj_europe_ergo_default/quantum/bitwise.o
                0x000000001000132a                bitrev16
 .text.led_set_user
                0x0000000010001344        0x2 .build/obj_europe_ergo_default/quantum/led.o
                0x0000000010001344                led_set_user
 .text.led_update_user
                0x0000000010001346        0x4 .build/obj_europe_ergo_default/quantum/led.o
                0x0000000010001346                led_update_user
 .text.led_update_ports
                0x000000001000134a       0x24 .build/obj_europe_ergo_default/quantum/led.o
                0x000000001000134a                led_update_ports
 .text.led_update_kb
                0x000000001000136e       0x16 .build/obj_europe_ergo_default/quantum/led.o
                0x000000001000136e                led_update_kb
 .text.led_init_ports
                0x0000000010001384       0x38 .build/obj_europe_ergo_default/quantum/led.o
                0x0000000010001384                led_init_ports
 .text.led_set  0x00000000100013bc       0x10 .build/obj_europe_ergo_default/quantum/led.o
                0x00000000100013bc                led_set
 .text.led_suspend
                0x00000000100013cc        0xa .build/obj_europe_ergo_default/quantum/led.o
                0x00000000100013cc                led_suspend
 .text.led_wakeup
                0x00000000100013d6        0xc .build/obj_europe_ergo_default/quantum/led.o
                0x00000000100013d6                led_wakeup
 *fill*         0x00000000100013e2        0x2 
 .text.led_task
                0x00000000100013e4       0x68 .build/obj_europe_ergo_default/quantum/led.o
                0x00000000100013e4                led_task
 .text.action_exec
                0x000000001000144c       0x42 .build/obj_europe_ergo_default/quantum/action.o
                0x000000001000144c                action_exec
 .text.process_record_tap_hint
                0x000000001000148e       0x10 .build/obj_europe_ergo_default/quantum/action.o
                0x000000001000148e                process_record_tap_hint
 *fill*         0x000000001000149e        0x2 
 .text.register_code
                0x00000000100014a0       0x7c .build/obj_europe_ergo_default/quantum/action.o
                0x00000000100014a0                register_code
 .text.unregister_code
                0x000000001000151c       0x54 .build/obj_europe_ergo_default/quantum/action.o
                0x000000001000151c                unregister_code
 .text.tap_code_delay
                0x0000000010001570       0x26 .build/obj_europe_ergo_default/quantum/action.o
                0x0000000010001570                tap_code_delay
 .text.tap_code
                0x0000000010001596       0x10 .build/obj_europe_ergo_default/quantum/action.o
                0x0000000010001596                tap_code
 .text.register_mods
                0x00000000100015a6       0x10 .build/obj_europe_ergo_default/quantum/action.o
                0x00000000100015a6                register_mods
 .text.unregister_mods
                0x00000000100015b6       0x10 .build/obj_europe_ergo_default/quantum/action.o
                0x00000000100015b6                unregister_mods
 *fill*         0x00000000100015c6        0x2 
 .text.process_action
                0x00000000100015c8      0x3bc .build/obj_europe_ergo_default/quantum/action.o
                0x00000000100015c8                process_action
 .text.process_record_handler
                0x0000000010001984       0x20 .build/obj_europe_ergo_default/quantum/action.o
                0x0000000010001984                process_record_handler
 .text.process_record
                0x00000000100019a4       0x44 .build/obj_europe_ergo_default/quantum/action.o
                0x00000000100019a4                process_record
 .text.clear_keyboard_but_mods_and_keys
                0x00000000100019e8       0x18 .build/obj_europe_ergo_default/quantum/action.o
                0x00000000100019e8                clear_keyboard_but_mods_and_keys
 .text.clear_keyboard_but_mods
                0x0000000010001a00        0xc .build/obj_europe_ergo_default/quantum/action.o
                0x0000000010001a00                clear_keyboard_but_mods
 .text.clear_keyboard
                0x0000000010001a0c        0xc .build/obj_europe_ergo_default/quantum/action.o
                0x0000000010001a0c                clear_keyboard
 .text.is_tap_action
                0x0000000010001a18       0x4c .build/obj_europe_ergo_default/quantum/action.o
                0x0000000010001a18                is_tap_action
 .text.is_tap_record
                0x0000000010001a64       0x18 .build/obj_europe_ergo_default/quantum/action.o
                0x0000000010001a64                is_tap_record
 .text.debug_event
                0x0000000010001a7c        0x6 .build/obj_europe_ergo_default/quantum/action.o
                0x0000000010001a7c                debug_event
 .text.debug_record
                0x0000000010001a82        0x6 .build/obj_europe_ergo_default/quantum/action.o
                0x0000000010001a82                debug_record
 .text.default_layer_state_set_user
                0x0000000010001a88        0x2 .build/obj_europe_ergo_default/quantum/action_layer.o
                0x0000000010001a88                default_layer_state_set_user
 .text.default_layer_state_set_kb
                0x0000000010001a8a        0x8 .build/obj_europe_ergo_default/quantum/action_layer.o
                0x0000000010001a8a                default_layer_state_set_kb
 *fill*         0x0000000010001a92        0x2 
 .text.default_layer_state_set
                0x0000000010001a94       0x10 .build/obj_europe_ergo_default/quantum/action_layer.o
 .text.default_layer_debug
                0x0000000010001aa4        0x2 .build/obj_europe_ergo_default/quantum/action_layer.o
                0x0000000010001aa4                default_layer_debug
 .text.default_layer_set
                0x0000000010001aa6        0x8 .build/obj_europe_ergo_default/quantum/action_layer.o
                0x0000000010001aa6                default_layer_set
 *fill*         0x0000000010001aae        0x2 
 .text.default_layer_or
                0x0000000010001ab0       0x14 .build/obj_europe_ergo_default/quantum/action_layer.o
                0x0000000010001ab0                default_layer_or
 .text.default_layer_and
                0x0000000010001ac4       0x14 .build/obj_europe_ergo_default/quantum/action_layer.o
                0x0000000010001ac4                default_layer_and
 .text.default_layer_xor
                0x0000000010001ad8       0x14 .build/obj_europe_ergo_default/quantum/action_layer.o
                0x0000000010001ad8                default_layer_xor
 .text.layer_state_set_user
                0x0000000010001aec        0x2 .build/obj_europe_ergo_default/quantum/action_layer.o
                0x0000000010001aec                layer_state_set_user
 .text.layer_state_set_kb
                0x0000000010001aee        0x8 .build/obj_europe_ergo_default/quantum/action_layer.o
                0x0000000010001aee                layer_state_set_kb
 *fill*         0x0000000010001af6        0x2 
 .text.layer_state_set
                0x0000000010001af8       0x10 .build/obj_europe_ergo_default/quantum/action_layer.o
                0x0000000010001af8                layer_state_set
 .text.layer_clear
                0x0000000010001b08        0xa .build/obj_europe_ergo_default/quantum/action_layer.o
                0x0000000010001b08                layer_clear
 .text.layer_move
                0x0000000010001b12        0xe .build/obj_europe_ergo_default/quantum/action_layer.o
                0x0000000010001b12                layer_move
 .text.layer_on
                0x0000000010001b20       0x18 .build/obj_europe_ergo_default/quantum/action_layer.o
                0x0000000010001b20                layer_on
 .text.layer_off
                0x0000000010001b38       0x18 .build/obj_europe_ergo_default/quantum/action_layer.o
                0x0000000010001b38                layer_off
 .text.layer_invert
                0x0000000010001b50       0x18 .build/obj_europe_ergo_default/quantum/action_layer.o
                0x0000000010001b50                layer_invert
 .text.layer_or
                0x0000000010001b68       0x14 .build/obj_europe_ergo_default/quantum/action_layer.o
                0x0000000010001b68                layer_or
 .text.layer_and
                0x0000000010001b7c       0x14 .build/obj_europe_ergo_default/quantum/action_layer.o
                0x0000000010001b7c                layer_and
 .text.layer_xor
                0x0000000010001b90       0x14 .build/obj_europe_ergo_default/quantum/action_layer.o
                0x0000000010001b90                layer_xor
 .text.layer_debug
                0x0000000010001ba4        0x2 .build/obj_europe_ergo_default/quantum/action_layer.o
                0x0000000010001ba4                layer_debug
 .text.update_source_layers_cache_impl
                0x0000000010001ba6       0x30 .build/obj_europe_ergo_default/quantum/action_layer.o
                0x0000000010001ba6                update_source_layers_cache_impl
 .text.read_source_layers_cache_impl
                0x0000000010001bd6       0x26 .build/obj_europe_ergo_default/quantum/action_layer.o
                0x0000000010001bd6                read_source_layers_cache_impl
 .text.update_source_layers_cache
                0x0000000010001bfc       0x28 .build/obj_europe_ergo_default/quantum/action_layer.o
                0x0000000010001bfc                update_source_layers_cache
 .text.read_source_layers_cache
                0x0000000010001c24       0x28 .build/obj_europe_ergo_default/quantum/action_layer.o
                0x0000000010001c24                read_source_layers_cache
 .text.layer_switch_get_layer
                0x0000000010001c4c       0x44 .build/obj_europe_ergo_default/quantum/action_layer.o
                0x0000000010001c4c                layer_switch_get_layer
 .text.layer_switch_get_action
                0x0000000010001c90       0x14 .build/obj_europe_ergo_default/quantum/action_layer.o
                0x0000000010001c90                layer_switch_get_action
 .text.store_or_get_action
                0x0000000010001ca4       0x44 .build/obj_europe_ergo_default/quantum/action_layer.o
                0x0000000010001ca4                store_or_get_action
 .text.debug_waiting_buffer
                0x0000000010001ce8       0x40 .build/obj_europe_ergo_default/quantum/action_tapping.o
 .text.debug_tapping_key
                0x0000000010001d28       0x20 .build/obj_europe_ergo_default/quantum/action_tapping.o
 .text.waiting_buffer_scan_tap
                0x0000000010001d48       0x80 .build/obj_europe_ergo_default/quantum/action_tapping.o
 .text.waiting_buffer_typed.isra.0
                0x0000000010001dc8       0x48 .build/obj_europe_ergo_default/quantum/action_tapping.o
 .text.process_tapping
                0x0000000010001e10      0x260 .build/obj_europe_ergo_default/quantum/action_tapping.o
 .text.action_tapping_process
                0x0000000010002070       0xbc .build/obj_europe_ergo_default/quantum/action_tapping.o
                0x0000000010002070                action_tapping_process
 .text.add_key  0x000000001000212c       0x14 .build/obj_europe_ergo_default/quantum/action_util.o
                0x000000001000212c                add_key
 .text.del_key  0x0000000010002140       0x14 .build/obj_europe_ergo_default/quantum/action_util.o
                0x0000000010002140                del_key
 .text.clear_keys
                0x0000000010002154       0x10 .build/obj_europe_ergo_default/quantum/action_util.o
                0x0000000010002154                clear_keys
 .text.get_oneshot_layer
                0x0000000010002164        0xc .build/obj_europe_ergo_default/quantum/action_util.o
                0x0000000010002164                get_oneshot_layer
 .text.get_oneshot_layer_state
                0x0000000010002170       0x10 .build/obj_europe_ergo_default/quantum/action_util.o
                0x0000000010002170                get_oneshot_layer_state
 .text.is_oneshot_layer_active
                0x0000000010002180       0x14 .build/obj_europe_ergo_default/quantum/action_util.o
                0x0000000010002180                is_oneshot_layer_active
 .text.get_mods
                0x0000000010002194        0xc .build/obj_europe_ergo_default/quantum/action_util.o
                0x0000000010002194                get_mods
 .text.add_mods
                0x00000000100021a0       0x10 .build/obj_europe_ergo_default/quantum/action_util.o
                0x00000000100021a0                add_mods
 .text.del_mods
                0x00000000100021b0       0x10 .build/obj_europe_ergo_default/quantum/action_util.o
                0x00000000100021b0                del_mods
 .text.clear_mods
                0x00000000100021c0        0xc .build/obj_europe_ergo_default/quantum/action_util.o
                0x00000000100021c0                clear_mods
 .text.add_weak_mods
                0x00000000100021cc       0x10 .build/obj_europe_ergo_default/quantum/action_util.o
                0x00000000100021cc                add_weak_mods
 .text.del_weak_mods
                0x00000000100021dc       0x10 .build/obj_europe_ergo_default/quantum/action_util.o
                0x00000000100021dc                del_weak_mods
 .text.clear_weak_mods
                0x00000000100021ec        0xc .build/obj_europe_ergo_default/quantum/action_util.o
                0x00000000100021ec                clear_weak_mods
 .text.oneshot_locked_mods_changed_user
                0x00000000100021f8        0x2 .build/obj_europe_ergo_default/quantum/action_util.o
                0x00000000100021f8                oneshot_locked_mods_changed_user
 .text.oneshot_locked_mods_changed_kb
                0x00000000100021fa        0x8 .build/obj_europe_ergo_default/quantum/action_util.o
                0x00000000100021fa                oneshot_locked_mods_changed_kb
 *fill*         0x0000000010002202        0x2 
 .text.del_oneshot_locked_mods
                0x0000000010002204       0x1c .build/obj_europe_ergo_default/quantum/action_util.o
                0x0000000010002204                del_oneshot_locked_mods
 .text.oneshot_mods_changed_user
                0x0000000010002220        0x2 .build/obj_europe_ergo_default/quantum/action_util.o
                0x0000000010002220                oneshot_mods_changed_user
 .text.oneshot_mods_changed_kb
                0x0000000010002222        0x8 .build/obj_europe_ergo_default/quantum/action_util.o
                0x0000000010002222                oneshot_mods_changed_kb
 *fill*         0x000000001000222a        0x2 
 .text.add_oneshot_mods
                0x000000001000222c       0x1c .build/obj_europe_ergo_default/quantum/action_util.o
                0x000000001000222c                add_oneshot_mods
 .text.del_oneshot_mods
                0x0000000010002248       0x1c .build/obj_europe_ergo_default/quantum/action_util.o
                0x0000000010002248                del_oneshot_mods
 .text.clear_oneshot_mods
                0x0000000010002264       0x18 .build/obj_europe_ergo_default/quantum/action_util.o
                0x0000000010002264                clear_oneshot_mods
 .text.send_keyboard_report
                0x000000001000227c       0x64 .build/obj_europe_ergo_default/quantum/action_util.o
                0x000000001000227c                send_keyboard_report
 .text.oneshot_layer_changed_user
                0x00000000100022e0        0x2 .build/obj_europe_ergo_default/quantum/action_util.o
                0x00000000100022e0                oneshot_layer_changed_user
 .text.oneshot_layer_changed_kb
                0x00000000100022e2        0x8 .build/obj_europe_ergo_default/quantum/action_util.o
                0x00000000100022e2                oneshot_layer_changed_kb
 *fill*         0x00000000100022ea        0x2 
 .text.set_oneshot_layer
                0x00000000100022ec       0x30 .build/obj_europe_ergo_default/quantum/action_util.o
                0x00000000100022ec                set_oneshot_layer
 .text.reset_oneshot_layer
                0x000000001000231c       0x14 .build/obj_europe_ergo_default/quantum/action_util.o
                0x000000001000231c                reset_oneshot_layer
 .text.clear_oneshot_layer_state
                0x0000000010002330       0x30 .build/obj_europe_ergo_default/quantum/action_util.o
                0x0000000010002330                clear_oneshot_layer_state
 .text.oneshot_set
                0x0000000010002360       0x4c .build/obj_europe_ergo_default/quantum/action_util.o
                0x0000000010002360                oneshot_set
 .text.oneshot_toggle
                0x00000000100023ac       0x18 .build/obj_europe_ergo_default/quantum/action_util.o
                0x00000000100023ac                oneshot_toggle
 .text.oneshot_enable
                0x00000000100023c4        0xa .build/obj_europe_ergo_default/quantum/action_util.o
                0x00000000100023c4                oneshot_enable
 .text.oneshot_disable
                0x00000000100023ce        0xa .build/obj_europe_ergo_default/quantum/action_util.o
                0x00000000100023ce                oneshot_disable
 .text.eeconfig_disable
                0x00000000100023d8       0x14 .build/obj_europe_ergo_default/quantum/eeconfig.o
                0x00000000100023d8                eeconfig_disable
 .text.eeconfig_is_enabled
                0x00000000100023ec       0x18 .build/obj_europe_ergo_default/quantum/eeconfig.o
                0x00000000100023ec                eeconfig_is_enabled
 .text.eeconfig_read_debug
                0x0000000010002404        0xa .build/obj_europe_ergo_default/quantum/eeconfig.o
                0x0000000010002404                eeconfig_read_debug
 .text.eeconfig_read_default_layer
                0x000000001000240e        0xa .build/obj_europe_ergo_default/quantum/eeconfig.o
                0x000000001000240e                eeconfig_read_default_layer
 .text.eeconfig_read_keymap
                0x0000000010002418        0xa .build/obj_europe_ergo_default/quantum/eeconfig.o
                0x0000000010002418                eeconfig_read_keymap
 .text.eeconfig_update_keymap
                0x0000000010002422        0xc .build/obj_europe_ergo_default/quantum/eeconfig.o
                0x0000000010002422                eeconfig_update_keymap
 .text.eeconfig_update_kb
                0x000000001000242e        0xc .build/obj_europe_ergo_default/quantum/eeconfig.o
                0x000000001000242e                eeconfig_update_kb
 .text.eeconfig_update_user
                0x000000001000243a        0xc .build/obj_europe_ergo_default/quantum/eeconfig.o
                0x000000001000243a                eeconfig_update_user
 .text.eeconfig_init_user
                0x0000000010002446        0xa .build/obj_europe_ergo_default/quantum/eeconfig.o
                0x0000000010002446                eeconfig_init_user
 .text.eeconfig_init_kb
                0x0000000010002450        0xe .build/obj_europe_ergo_default/quantum/eeconfig.o
                0x0000000010002450                eeconfig_init_kb
 *fill*         0x000000001000245e        0x2 
 .text.eeconfig_init_quantum
                0x0000000010002460       0x90 .build/obj_europe_ergo_default/quantum/eeconfig.o
                0x0000000010002460                eeconfig_init_quantum
 .text.eeconfig_init
                0x00000000100024f0        0x8 .build/obj_europe_ergo_default/quantum/eeconfig.o
                0x00000000100024f0                eeconfig_init
 .text.eeconfig_update_handedness
                0x00000000100024f8        0xc .build/obj_europe_ergo_default/quantum/eeconfig.o
                0x00000000100024f8                eeconfig_update_handedness
 .text.generate_tick_event
                0x0000000010002504       0x30 .build/obj_europe_ergo_default/quantum/keyboard.o
 .text.last_matrix_activity_trigger
                0x0000000010002534       0x18 .build/obj_europe_ergo_default/quantum/keyboard.o
                0x0000000010002534                last_matrix_activity_trigger
 .text.matrix_setup
                0x000000001000254c        0x2 .build/obj_europe_ergo_default/quantum/keyboard.o
                0x000000001000254c                matrix_setup
 .text.keyboard_post_init_user
                0x000000001000254e        0x2 .build/obj_europe_ergo_default/quantum/keyboard.o
                0x000000001000254e                keyboard_post_init_user
 .text.keyboard_post_init_kb
                0x0000000010002550        0x8 .build/obj_europe_ergo_default/quantum/keyboard.o
                0x0000000010002550                keyboard_post_init_kb
 .text.matrix_can_read
                0x0000000010002558        0x4 .build/obj_europe_ergo_default/quantum/keyboard.o
                0x0000000010002558                matrix_can_read
 .text.keyboard_setup
                0x000000001000255c       0x1c .build/obj_europe_ergo_default/quantum/keyboard.o
                0x000000001000255c                keyboard_setup
 .text.should_process_keypress
                0x0000000010002578        0x8 .build/obj_europe_ergo_default/quantum/keyboard.o
                0x0000000010002578                should_process_keypress
 .text.housekeeping_task_kb
                0x0000000010002580        0x2 .build/obj_europe_ergo_default/quantum/keyboard.o
                0x0000000010002580                housekeeping_task_kb
 .text.housekeeping_task
                0x0000000010002582        0xc .build/obj_europe_ergo_default/quantum/keyboard.o
                0x0000000010002582                housekeeping_task
 .text.quantum_init
                0x000000001000258e        0xc .build/obj_europe_ergo_default/quantum/keyboard.o
                0x000000001000258e                quantum_init
 .text.keyboard_init
                0x000000001000259a       0x24 .build/obj_europe_ergo_default/quantum/keyboard.o
                0x000000001000259a                keyboard_init
 *fill*         0x00000000100025be        0x2 
 .text.keyboard_task
                0x00000000100025c0       0xc8 .build/obj_europe_ergo_default/quantum/keyboard.o
                0x00000000100025c0                keyboard_task
 .text.action_for_keycode
                0x0000000010002688      0x1d0 .build/obj_europe_ergo_default/quantum/keymap_common.o
                0x0000000010002688                action_for_keycode
 .text.keymap_key_to_keycode
                0x0000000010002858       0x20 .build/obj_europe_ergo_default/quantum/keymap_common.o
                0x0000000010002858                keymap_key_to_keycode
 .text.action_for_key
                0x0000000010002878       0x12 .build/obj_europe_ergo_default/quantum/keymap_common.o
                0x0000000010002878                action_for_key
 *fill*         0x000000001000288a        0x2 
 .text.keycode_config
                0x000000001000288c      0x100 .build/obj_europe_ergo_default/quantum/keycode_config.o
                0x000000001000288c                keycode_config
 .text.mod_config
                0x000000001000298c       0xa8 .build/obj_europe_ergo_default/quantum/keycode_config.o
                0x000000001000298c                mod_config
 .text.sync_timer_init
                0x0000000010002a34        0xc .build/obj_europe_ergo_default/quantum/sync_timer.o
                0x0000000010002a34                sync_timer_init
 .text.sync_timer_update
                0x0000000010002a40       0x1c .build/obj_europe_ergo_default/quantum/sync_timer.o
                0x0000000010002a40                sync_timer_update
 .text.sync_timer_read32
                0x0000000010002a5c       0x20 .build/obj_europe_ergo_default/quantum/sync_timer.o
                0x0000000010002a5c                sync_timer_read32
 .text.null_sendchar_func
                0x0000000010002a7c        0x4 .build/obj_europe_ergo_default/quantum/logging/print.o
 .text.print_set_sendchar
                0x0000000010002a80        0xc .build/obj_europe_ergo_default/quantum/logging/print.o
                0x0000000010002a80                print_set_sendchar
 .text.putchar_
                0x0000000010002a8c       0x10 .build/obj_europe_ergo_default/quantum/logging/print.o
                0x0000000010002a8c                putchar_
 .text.bootmagic_lite_reset_eeprom
                0x0000000010002a9c        0x8 .build/obj_europe_ergo_default/quantum/bootmagic/bootmagic_lite.o
                0x0000000010002a9c                bootmagic_lite_reset_eeprom
 .text.bootmagic_lite
                0x0000000010002aa4       0x28 .build/obj_europe_ergo_default/quantum/bootmagic/bootmagic_lite.o
                0x0000000010002aa4                bootmagic_lite
 .text.bootmagic
                0x0000000010002acc        0x8 .build/obj_europe_ergo_default/quantum/bootmagic/bootmagic_lite.o
                0x0000000010002acc                bootmagic
 .text.magic    0x0000000010002ad4       0x44 .build/obj_europe_ergo_default/quantum/bootmagic/magic.o
                0x0000000010002ad4                magic
 .text.matrix_init_user
                0x0000000010002b18        0x2 .build/obj_europe_ergo_default/quantum/matrix_common.o
                0x0000000010002b18                matrix_init_user
 .text.matrix_init_kb
                0x0000000010002b1a        0x8 .build/obj_europe_ergo_default/quantum/matrix_common.o
                0x0000000010002b1a                matrix_init_kb
 .text.matrix_scan_user
                0x0000000010002b22        0x2 .build/obj_europe_ergo_default/quantum/matrix_common.o
                0x0000000010002b22                matrix_scan_user
 .text.matrix_scan_kb
                0x0000000010002b24        0x8 .build/obj_europe_ergo_default/quantum/matrix_common.o
                0x0000000010002b24                matrix_scan_kb
 .text.matrix_get_row
                0x0000000010002b2c        0xc .build/obj_europe_ergo_default/quantum/matrix_common.o
                0x0000000010002b2c                matrix_get_row
 .text.matrix_print
                0x0000000010002b38       0x50 .build/obj_europe_ergo_default/quantum/matrix_common.o
                0x0000000010002b38                matrix_print
 .text.matrix_io_delay
                0x0000000010002b88        0xa .build/obj_europe_ergo_default/quantum/matrix_common.o
                0x0000000010002b88                matrix_io_delay
 *fill*         0x0000000010002b92        0x2 
 .text.matrix_output_select_delay
                0x0000000010002b94      0x184 .build/obj_europe_ergo_default/quantum/matrix_common.o
                0x0000000010002b94                matrix_output_select_delay
 .text.matrix_output_unselect_delay
                0x0000000010002d18        0x8 .build/obj_europe_ergo_default/quantum/matrix_common.o
                0x0000000010002d18                matrix_output_unselect_delay
 .text.matrix_slave_scan_user
                0x0000000010002d20        0x2 .build/obj_europe_ergo_default/quantum/matrix_common.o
                0x0000000010002d20                matrix_slave_scan_user
 .text.matrix_slave_scan_kb
                0x0000000010002d22        0x8 .build/obj_europe_ergo_default/quantum/matrix_common.o
                0x0000000010002d22                matrix_slave_scan_kb
 *fill*         0x0000000010002d2a        0x2 
 .text.matrix_post_scan
                0x0000000010002d2c       0x9c .build/obj_europe_ergo_default/quantum/matrix_common.o
                0x0000000010002d2c                matrix_post_scan
 .text.setPinInputHigh_atomic
                0x0000000010002dc8       0x44 .build/obj_europe_ergo_default/quantum/matrix.o
 .text.matrix_init_pins
                0x0000000010002e0c       0x38 .build/obj_europe_ergo_default/quantum/matrix.o
                0x0000000010002e0c                matrix_init_pins
 .text.matrix_read_rows_on_col
                0x0000000010002e44       0xc4 .build/obj_europe_ergo_default/quantum/matrix.o
                0x0000000010002e44                matrix_read_rows_on_col
 .text.matrix_init
                0x0000000010002f08       0x88 .build/obj_europe_ergo_default/quantum/matrix.o
                0x0000000010002f08                matrix_init
 .text.matrix_scan
                0x0000000010002f90       0x78 .build/obj_europe_ergo_default/quantum/matrix.o
                0x0000000010002f90                matrix_scan
 .text.debounce_init
                0x0000000010003008        0x2 .build/obj_europe_ergo_default/quantum/debounce/sym_defer_g.o
                0x0000000010003008                debounce_init
 *fill*         0x000000001000300a        0x2 
 .text.debounce
                0x000000001000300c       0x64 .build/obj_europe_ergo_default/quantum/debounce/sym_defer_g.o
                0x000000001000300c                debounce
 .text.is_keyboard_left
                0x0000000010003070       0x58 .build/obj_europe_ergo_default/quantum/split_common/split_util.o
                0x0000000010003070                is_keyboard_left
 .text.is_keyboard_master
                0x00000000100030c8       0x44 .build/obj_europe_ergo_default/quantum/split_common/split_util.o
                0x00000000100030c8                is_keyboard_master
 .text.split_pre_init
                0x000000001000310c       0x1c .build/obj_europe_ergo_default/quantum/split_common/split_util.o
                0x000000001000310c                split_pre_init
 .text.split_post_init
                0x0000000010003128       0x10 .build/obj_europe_ergo_default/quantum/split_common/split_util.o
                0x0000000010003128                split_post_init
 .text.is_transport_connected
                0x0000000010003138       0x14 .build/obj_europe_ergo_default/quantum/split_common/split_util.o
                0x0000000010003138                is_transport_connected
 .text.transport_master_if_connected
                0x000000001000314c       0x90 .build/obj_europe_ergo_default/quantum/split_common/split_util.o
                0x000000001000314c                transport_master_if_connected
 .text.transport_master_init
                0x00000000100031dc        0x8 .build/obj_europe_ergo_default/quantum/split_common/transport.o
                0x00000000100031dc                transport_master_init
 .text.transport_slave_init
                0x00000000100031e4        0x8 .build/obj_europe_ergo_default/quantum/split_common/transport.o
                0x00000000100031e4                transport_slave_init
 .text.transport_execute_transaction
                0x00000000100031ec       0x6c .build/obj_europe_ergo_default/quantum/split_common/transport.o
                0x00000000100031ec                transport_execute_transaction
 .text.transport_master
                0x0000000010003258        0x8 .build/obj_europe_ergo_default/quantum/split_common/transport.o
                0x0000000010003258                transport_master
 .text.transport_slave
                0x0000000010003260        0x8 .build/obj_europe_ergo_default/quantum/split_common/transport.o
                0x0000000010003260                transport_slave
 .text.transaction_handler_master
                0x0000000010003268       0x60 .build/obj_europe_ergo_default/quantum/split_common/transactions.o
 .text.send_if_condition
                0x00000000100032c8       0x3e .build/obj_europe_ergo_default/quantum/split_common/transactions.o
 *fill*         0x0000000010003306        0x2 
 .text.layer_state_handlers_master
                0x0000000010003308       0x54 .build/obj_europe_ergo_default/quantum/split_common/transactions.o
 .text.sync_timer_handlers_master
                0x000000001000335c       0x3c .build/obj_europe_ergo_default/quantum/split_common/transactions.o
 .text.led_state_handlers_master
                0x0000000010003398       0x34 .build/obj_europe_ergo_default/quantum/split_common/transactions.o
 .text.slave_matrix_handlers_master
                0x00000000100033cc       0xb4 .build/obj_europe_ergo_default/quantum/split_common/transactions.o
 .text.transactions_master
                0x0000000010003480       0x64 .build/obj_europe_ergo_default/quantum/split_common/transactions.o
                0x0000000010003480                transactions_master
 .text.transactions_slave
                0x00000000100034e4       0x74 .build/obj_europe_ergo_default/quantum/split_common/transactions.o
                0x00000000100034e4                transactions_slave
 .text.protocol_init
                0x0000000010003558       0x10 .build/obj_europe_ergo_default/quantum/main.o
                0x0000000010003558                protocol_init
 .text.protocol_task
                0x0000000010003568       0x10 .build/obj_europe_ergo_default/quantum/main.o
                0x0000000010003568                protocol_task
 .text.startup.main
                0x0000000010003578       0x1c .build/obj_europe_ergo_default/quantum/main.o
                0x0000000010003578                main
 .text.putchar_via_gadget
                0x0000000010003594       0x24 .build/obj_europe_ergo_default/printf.o
 .text.out_rev_
                0x00000000100035b8       0x56 .build/obj_europe_ergo_default/printf.o
 *fill*         0x000000001000360e        0x2 
 .text.print_integer
                0x0000000010003610      0x174 .build/obj_europe_ergo_default/printf.o
 .text.putchar_wrapper
                0x0000000010003784        0x8 .build/obj_europe_ergo_default/printf.o
 .text.vsnprintf_impl.constprop.0
                0x000000001000378c      0x3bc .build/obj_europe_ergo_default/printf.o
 .text.vprintf  0x0000000010003b48       0x28 .build/obj_europe_ergo_default/printf.o
                0x0000000010003b48                vprintf
 .text.printf   0x0000000010003b70       0x16 .build/obj_europe_ergo_default/printf.o
                0x0000000010003b70                printf
 .text.eeprom_read_byte
                0x0000000010003b86       0x1a .build/obj_europe_ergo_default/eeprom_driver.o
                0x0000000010003b86                eeprom_read_byte
 .text.eeprom_read_word
                0x0000000010003ba0       0x1a .build/obj_europe_ergo_default/eeprom_driver.o
                0x0000000010003ba0                eeprom_read_word
 .text.eeprom_read_dword
                0x0000000010003bba       0x14 .build/obj_europe_ergo_default/eeprom_driver.o
                0x0000000010003bba                eeprom_read_dword
 .text.eeprom_write_byte
                0x0000000010003bce       0x14 .build/obj_europe_ergo_default/eeprom_driver.o
                0x0000000010003bce                eeprom_write_byte
 .text.eeprom_write_word
                0x0000000010003be2       0x14 .build/obj_europe_ergo_default/eeprom_driver.o
                0x0000000010003be2                eeprom_write_word
 .text.eeprom_write_dword
                0x0000000010003bf6       0x10 .build/obj_europe_ergo_default/eeprom_driver.o
                0x0000000010003bf6                eeprom_write_dword
 .text.eeprom_update_block
                0x0000000010003c06       0x3a .build/obj_europe_ergo_default/eeprom_driver.o
                0x0000000010003c06                eeprom_update_block
 .text.eeprom_update_byte
                0x0000000010003c40       0x18 .build/obj_europe_ergo_default/eeprom_driver.o
                0x0000000010003c40                eeprom_update_byte
 .text.eeprom_update_word
                0x0000000010003c58       0x18 .build/obj_europe_ergo_default/eeprom_driver.o
                0x0000000010003c58                eeprom_update_word
 .text.eeprom_update_dword
                0x0000000010003c70       0x18 .build/obj_europe_ergo_default/eeprom_driver.o
                0x0000000010003c70                eeprom_update_dword
 .text.eeprom_driver_init
                0x0000000010003c88        0x8 .build/obj_europe_ergo_default/eeprom_wear_leveling.o
                0x0000000010003c88                eeprom_driver_init
 .text.eeprom_driver_erase
                0x0000000010003c90        0x8 .build/obj_europe_ergo_default/eeprom_wear_leveling.o
                0x0000000010003c90                eeprom_driver_erase
 .text.eeprom_read_block
                0x0000000010003c98        0xe .build/obj_europe_ergo_default/eeprom_wear_leveling.o
                0x0000000010003c98                eeprom_read_block
 .text.eeprom_write_block
                0x0000000010003ca6        0xe .build/obj_europe_ergo_default/eeprom_wear_leveling.o
                0x0000000010003ca6                eeprom_write_block
 .text.wear_leveling_clear_cache
                0x0000000010003cb4       0x20 .build/obj_europe_ergo_default/wear_leveling.o
 .text.wear_leveling_unlock
                0x0000000010003cd4       0x24 .build/obj_europe_ergo_default/wear_leveling.o
 .text.wear_leveling_lock
                0x0000000010003cf8       0x28 .build/obj_europe_ergo_default/wear_leveling.o
 .text.wear_leveling_erase
                0x0000000010003d20       0x2e .build/obj_europe_ergo_default/wear_leveling.o
                0x0000000010003d20                wear_leveling_erase
 *fill*         0x0000000010003d4e        0x2 
 .text.wear_leveling_read
                0x0000000010003d50       0x24 .build/obj_europe_ergo_default/wear_leveling.o
                0x0000000010003d50                wear_leveling_read
 .text.wear_leveling_consolidate_force
                0x0000000010003d74       0x6c .build/obj_europe_ergo_default/wear_leveling.o
 .text.wear_leveling_consolidate_if_needed
                0x0000000010003de0       0x20 .build/obj_europe_ergo_default/wear_leveling.o
 .text.wear_leveling_append_raw
                0x0000000010003e00       0x28 .build/obj_europe_ergo_default/wear_leveling.o
 .text.wear_leveling_write
                0x0000000010003e28      0x164 .build/obj_europe_ergo_default/wear_leveling.o
                0x0000000010003e28                wear_leveling_write
 .text.wear_leveling_init
                0x0000000010003f8c      0x188 .build/obj_europe_ergo_default/wear_leveling.o
                0x0000000010003f8c                wear_leveling_init
 .text.backing_store_init
                0x0000000010004114       0x1c .build/obj_europe_ergo_default/wear_leveling_rp2040_flash.o
                0x0000000010004114                backing_store_init
 .text.backing_store_unlock
                0x0000000010004130        0x4 .build/obj_europe_ergo_default/wear_leveling_rp2040_flash.o
                0x0000000010004130                backing_store_unlock
 .text.backing_store_erase
                0x0000000010004134       0x28 .build/obj_europe_ergo_default/wear_leveling_rp2040_flash.o
                0x0000000010004134                backing_store_erase
 .text.backing_store_write_bulk
                0x000000001000415c       0x24 .build/obj_europe_ergo_default/wear_leveling_rp2040_flash.o
                0x000000001000415c                backing_store_write_bulk
 .text.backing_store_write
                0x0000000010004180       0x12 .build/obj_europe_ergo_default/wear_leveling_rp2040_flash.o
                0x0000000010004180                backing_store_write
 .text.backing_store_lock
                0x0000000010004192        0x4 .build/obj_europe_ergo_default/wear_leveling_rp2040_flash.o
                0x0000000010004192                backing_store_lock
 *fill*         0x0000000010004196        0x2 
 .text.backing_store_read_bulk
                0x0000000010004198       0x20 .build/obj_europe_ergo_default/wear_leveling_rp2040_flash.o
                0x0000000010004198                backing_store_read_bulk
 .text.backing_store_read
                0x00000000100041b8        0xa .build/obj_europe_ergo_default/wear_leveling_rp2040_flash.o
                0x00000000100041b8                backing_store_read
 .text.crc_init
                0x00000000100041c2        0x2 .build/obj_europe_ergo_default/crc.o
                0x00000000100041c2                crc_init
 .text.crc8     0x00000000100041c4       0x2e .build/obj_europe_ergo_default/crc.o
                0x00000000100041c4                crc8
 .text.fnv_64a_buf
                0x00000000100041f2       0x8a .build/obj_europe_ergo_default/hash_64a.o
                0x00000000100041f2                fnv_64a_buf
 .text.process_magic
                0x000000001000427c      0x1b8 .build/obj_europe_ergo_default/quantum/process_keycode/process_magic.o
                0x000000001000427c                process_magic
 .text.process_grave_esc
                0x0000000010004434       0x54 .build/obj_europe_ergo_default/quantum/process_keycode/process_grave_esc.o
                0x0000000010004434                process_grave_esc
 .text.perform_space_cadet
                0x0000000010004488       0xb4 .build/obj_europe_ergo_default/quantum/process_keycode/process_space_cadet.o
                0x0000000010004488                perform_space_cadet
 .text.process_space_cadet
                0x000000001000453c       0xac .build/obj_europe_ergo_default/quantum/process_keycode/process_space_cadet.o
                0x000000001000453c                process_space_cadet
 .text.SlaveThread
                0x00000000100045e8       0xb8 .build/obj_europe_ergo_default/serial_protocol.a(serial_protocol.o)
 .text.soft_serial_target_init
                0x00000000100046a0       0x24 .build/obj_europe_ergo_default/serial_protocol.a(serial_protocol.o)
                0x00000000100046a0                soft_serial_target_init
 .text.soft_serial_initiator_init
                0x00000000100046c4        0x8 .build/obj_europe_ergo_default/serial_protocol.a(serial_protocol.o)
                0x00000000100046c4                soft_serial_initiator_init
 .text.soft_serial_transaction
                0x00000000100046cc       0x9c .build/obj_europe_ergo_default/serial_protocol.a(serial_protocol.o)
                0x00000000100046cc                soft_serial_transaction
 .text.port_lock
                0x0000000010004768       0x16 .build/obj_europe_ergo_default/serial_vendor.a(serial_vendor.o)
 .text.port_unlock
                0x000000001000477e       0x12 .build/obj_europe_ergo_default/serial_vendor.a(serial_vendor.o)
 .text.sm_config_set_clkdiv
                0x0000000010004790       0x3a .build/obj_europe_ergo_default/serial_vendor.a(serial_vendor.o)
 *fill*         0x00000000100047ca        0x2 
 .text.receive_impl
                0x00000000100047cc       0xc8 .build/obj_europe_ergo_default/serial_vendor.a(serial_vendor.o)
 .text.pio_init
                0x0000000010004894      0x238 .build/obj_europe_ergo_default/serial_vendor.a(serial_vendor.o)
 .text.Vector5C
                0x0000000010004acc       0x9c .build/obj_europe_ergo_default/serial_vendor.a(serial_vendor.o)
                0x0000000010004acc                Vector5C
 .text.serial_transport_driver_clear
                0x0000000010004b68       0x44 .build/obj_europe_ergo_default/serial_vendor.a(serial_vendor.o)
                0x0000000010004b68                serial_transport_driver_clear
 .text.hot.serial_transport_send
                0x0000000010004bac       0xc4 .build/obj_europe_ergo_default/serial_vendor.a(serial_vendor.o)
                0x0000000010004bac                serial_transport_send
 .text.hot.serial_transport_receive
                0x0000000010004c70       0x10 .build/obj_europe_ergo_default/serial_vendor.a(serial_vendor.o)
                0x0000000010004c70                serial_transport_receive
 .text.hot.serial_transport_receive_blocking
                0x0000000010004c80        0xc .build/obj_europe_ergo_default/serial_vendor.a(serial_vendor.o)
                0x0000000010004c80                serial_transport_receive_blocking
 .text.serial_transport_driver_master_init
                0x0000000010004c8c        0xc .build/obj_europe_ergo_default/serial_vendor.a(serial_vendor.o)
                0x0000000010004c8c                serial_transport_driver_master_init
 .text.serial_transport_driver_slave_init
                0x0000000010004c98        0xc .build/obj_europe_ergo_default/serial_vendor.a(serial_vendor.o)
                0x0000000010004c98                serial_transport_driver_slave_init
 .text.host_set_driver
                0x0000000010004ca4        0xc .build/obj_europe_ergo_default/protocol/host.o
                0x0000000010004ca4                host_set_driver
 .text.set_split_host_keyboard_leds
                0x0000000010004cb0        0xc .build/obj_europe_ergo_default/protocol/host.o
                0x0000000010004cb0                set_split_host_keyboard_leds
 .text.host_keyboard_leds
                0x0000000010004cbc       0x28 .build/obj_europe_ergo_default/protocol/host.o
                0x0000000010004cbc                host_keyboard_leds
 .text.host_keyboard_send
                0x0000000010004ce4       0x80 .build/obj_europe_ergo_default/protocol/host.o
                0x0000000010004ce4                host_keyboard_send
 .text.host_system_send
                0x0000000010004d64       0x34 .build/obj_europe_ergo_default/protocol/host.o
                0x0000000010004d64                host_system_send
 .text.host_consumer_send
                0x0000000010004d98       0x34 .build/obj_europe_ergo_default/protocol/host.o
                0x0000000010004d98                host_consumer_send
 .text.has_anykey
                0x0000000010004dcc       0x3c .build/obj_europe_ergo_default/protocol/report.o
                0x0000000010004dcc                has_anykey
 .text.is_key_pressed
                0x0000000010004e08       0x58 .build/obj_europe_ergo_default/protocol/report.o
                0x0000000010004e08                is_key_pressed
 .text.add_key_byte
                0x0000000010004e60       0x2c .build/obj_europe_ergo_default/protocol/report.o
                0x0000000010004e60                add_key_byte
 .text.del_key_byte
                0x0000000010004e8c       0x18 .build/obj_europe_ergo_default/protocol/report.o
                0x0000000010004e8c                del_key_byte
 .text.add_key_bit
                0x0000000010004ea4       0x34 .build/obj_europe_ergo_default/protocol/report.o
                0x0000000010004ea4                add_key_bit
 .text.del_key_bit
                0x0000000010004ed8       0x34 .build/obj_europe_ergo_default/protocol/report.o
                0x0000000010004ed8                del_key_bit
 .text.add_key_to_report
                0x0000000010004f0c       0x28 .build/obj_europe_ergo_default/protocol/report.o
                0x0000000010004f0c                add_key_to_report
 .text.del_key_from_report
                0x0000000010004f34       0x28 .build/obj_europe_ergo_default/protocol/report.o
                0x0000000010004f34                del_key_from_report
 .text.clear_keys_from_report
                0x0000000010004f5c       0x28 .build/obj_europe_ergo_default/protocol/report.o
                0x0000000010004f5c                clear_keys_from_report
 .text.notify_usb_device_state_change_user
                0x0000000010004f84        0x2 .build/obj_europe_ergo_default/protocol/usb_device_state.o
                0x0000000010004f84                notify_usb_device_state_change_user
 .text.notify_usb_device_state_change_kb
                0x0000000010004f86        0x8 .build/obj_europe_ergo_default/protocol/usb_device_state.o
                0x0000000010004f86                notify_usb_device_state_change_kb
 *fill*         0x0000000010004f8e        0x2 
 .text.usb_device_state_set_configuration
                0x0000000010004f90       0x18 .build/obj_europe_ergo_default/protocol/usb_device_state.o
                0x0000000010004f90                usb_device_state_set_configuration
 .text.usb_device_state_set_suspend
                0x0000000010004fa8       0x14 .build/obj_europe_ergo_default/protocol/usb_device_state.o
                0x0000000010004fa8                usb_device_state_set_suspend
 .text.usb_device_state_set_resume
                0x0000000010004fbc        0x8 .build/obj_europe_ergo_default/protocol/usb_device_state.o
                0x0000000010004fbc                usb_device_state_set_resume
 .text.usb_device_state_set_reset
                0x0000000010004fc4       0x14 .build/obj_europe_ergo_default/protocol/usb_device_state.o
                0x0000000010004fc4                usb_device_state_set_reset
 .text.usb_device_state_init
                0x0000000010004fd8        0x8 .build/obj_europe_ergo_default/protocol/usb_device_state.o
                0x0000000010004fd8                usb_device_state_init
 .text.matrix_power_up
                0x0000000010004fe0        0x2 .build/obj_europe_ergo_default/platforms/suspend.o
                0x0000000010004fe0                matrix_power_up
 .text.matrix_power_down
                0x0000000010004fe2        0x2 .build/obj_europe_ergo_default/platforms/suspend.o
                0x0000000010004fe2                matrix_power_down
 .text.suspend_power_down_user
                0x0000000010004fe4        0x2 .build/obj_europe_ergo_default/platforms/suspend.o
                0x0000000010004fe4                suspend_power_down_user
 .text.suspend_power_down_kb
                0x0000000010004fe6        0x8 .build/obj_europe_ergo_default/platforms/suspend.o
                0x0000000010004fe6                suspend_power_down_kb
 .text.suspend_wakeup_init_user
                0x0000000010004fee        0x2 .build/obj_europe_ergo_default/platforms/suspend.o
                0x0000000010004fee                suspend_wakeup_init_user
 .text.suspend_wakeup_init_kb
                0x0000000010004ff0        0x8 .build/obj_europe_ergo_default/platforms/suspend.o
                0x0000000010004ff0                suspend_wakeup_init_kb
 .text.suspend_wakeup_condition
                0x0000000010004ff8       0x28 .build/obj_europe_ergo_default/platforms/suspend.o
                0x0000000010004ff8                suspend_wakeup_condition
 .text.platform_setup
                0x0000000010005020        0xc .build/obj_europe_ergo_default/platforms/chibios/platform.o
                0x0000000010005020                platform_setup
 .text.suspend_power_down
                0x000000001000502c       0x14 .build/obj_europe_ergo_default/platforms/chibios/suspend.o
                0x000000001000502c                suspend_power_down
 .text.suspend_wakeup_init
                0x0000000010005040       0x20 .build/obj_europe_ergo_default/platforms/chibios/suspend.o
                0x0000000010005040                suspend_wakeup_init
 .text.timer_clear
                0x0000000010005060       0x40 .build/obj_europe_ergo_default/platforms/chibios/timer.o
                0x0000000010005060                timer_clear
 .text.timer_init
                0x00000000100050a0        0x8 .build/obj_europe_ergo_default/platforms/chibios/timer.o
                0x00000000100050a0                timer_init
 .text.timer_read32
                0x00000000100050a8       0x90 .build/obj_europe_ergo_default/platforms/chibios/timer.o
                0x00000000100050a8                timer_read32
 .text.timer_read
                0x0000000010005138        0xa .build/obj_europe_ergo_default/platforms/chibios/timer.o
                0x0000000010005138                timer_read
 .text.timer_elapsed
                0x0000000010005142        0xe .build/obj_europe_ergo_default/platforms/chibios/timer.o
                0x0000000010005142                timer_elapsed
 .text.timer_elapsed32
                0x0000000010005150        0xc .build/obj_europe_ergo_default/platforms/chibios/timer.o
                0x0000000010005150                timer_elapsed32
 .text.mcu_reset
                0x000000001000515c       0x1c .build/obj_europe_ergo_default/platforms/chibios/bootloaders/rp2040.o
                0x000000001000515c                mcu_reset
 .text.bootloader_jump
                0x0000000010005178       0x14 .build/obj_europe_ergo_default/platforms/chibios/bootloaders/rp2040.o
                0x0000000010005178                bootloader_jump
 .text.__late_init
                0x000000001000518c       0x40 .build/obj_europe_ergo_default/platforms/chibios/bootloaders/rp2040.o
                0x000000001000518c                __late_init
 .text.port_lock
                0x00000000100051cc       0x16 .build/obj_europe_ergo_default/protocol/chibios/usb_main.o
 .text.port_unlock
                0x00000000100051e2       0x12 .build/obj_europe_ergo_default/protocol/chibios/usb_main.o
 .text.dummy_usb_cb
                0x00000000100051f4        0x2 .build/obj_europe_ergo_default/protocol/chibios/usb_main.o
 *fill*         0x00000000100051f6        0x2 
 .text.usb_sof_cb
                0x00000000100051f8       0x18 .build/obj_europe_ergo_default/protocol/chibios/usb_main.o
 .text.usb_get_descriptor_cb
                0x0000000010005210       0x2c .build/obj_europe_ergo_default/protocol/chibios/usb_main.o
 .text.set_led_transfer_cb
                0x000000001000523c       0x2c .build/obj_europe_ergo_default/protocol/chibios/usb_main.o
 .text.chVTSetI.constprop.0
                0x0000000010005268       0x2c .build/obj_europe_ergo_default/protocol/chibios/usb_main.o
 .text.keyboard_idle_timer_cb
                0x0000000010005294       0x80 .build/obj_europe_ergo_default/protocol/chibios/usb_main.o
 .text.usb_request_hook_cb
                0x0000000010005314      0x1b4 .build/obj_europe_ergo_default/protocol/chibios/usb_main.o
 .text.usb_event_queue_enqueue.isra.0
                0x00000000100054c8       0x28 .build/obj_europe_ergo_default/protocol/chibios/usb_main.o
 .text.usb_event_cb
                0x00000000100054f0       0xc0 .build/obj_europe_ergo_default/protocol/chibios/usb_main.o
 .text.usb_event_queue_init
                0x00000000100055b0       0x24 .build/obj_europe_ergo_default/protocol/chibios/usb_main.o
                0x00000000100055b0                usb_event_queue_init
 .text.usb_event_queue_task
                0x00000000100055d4       0xac .build/obj_europe_ergo_default/protocol/chibios/usb_main.o
                0x00000000100055d4                usb_event_queue_task
 .text.init_usb_driver
                0x0000000010005680       0x88 .build/obj_europe_ergo_default/protocol/chibios/usb_main.o
                0x0000000010005680                init_usb_driver
 .text.restart_usb_driver
                0x0000000010005708       0x30 .build/obj_europe_ergo_default/protocol/chibios/usb_main.o
                0x0000000010005708                restart_usb_driver
 .text.keyboard_leds
                0x0000000010005738        0xc .build/obj_europe_ergo_default/protocol/chibios/usb_main.o
                0x0000000010005738                keyboard_leds
 .text.send_report
                0x0000000010005744       0x50 .build/obj_europe_ergo_default/protocol/chibios/usb_main.o
                0x0000000010005744                send_report
 .text.send_keyboard
                0x0000000010005794       0x44 .build/obj_europe_ergo_default/protocol/chibios/usb_main.o
                0x0000000010005794                send_keyboard
 .text.send_mouse
                0x00000000100057d8        0x2 .build/obj_europe_ergo_default/protocol/chibios/usb_main.o
                0x00000000100057d8                send_mouse
 .text.send_extra
                0x00000000100057da        0xe .build/obj_europe_ergo_default/protocol/chibios/usb_main.o
                0x00000000100057da                send_extra
 .text.sendchar
                0x00000000100057e8       0x40 .build/obj_europe_ergo_default/protocol/chibios/usb_main.o
                0x00000000100057e8                sendchar
 .text.console_task
                0x0000000010005828       0x28 .build/obj_europe_ergo_default/protocol/chibios/usb_main.o
                0x0000000010005828                console_task
 .text.early_hardware_init_pre
                0x0000000010005850        0x2 .build/obj_europe_ergo_default/protocol/chibios/chibios.o
                0x0000000010005850                early_hardware_init_pre
 .text.early_hardware_init_post
                0x0000000010005852        0x2 .build/obj_europe_ergo_default/protocol/chibios/chibios.o
                0x0000000010005852                early_hardware_init_post
 .text.board_init
                0x0000000010005854        0x2 .build/obj_europe_ergo_default/protocol/chibios/chibios.o
                0x0000000010005854                board_init
 .text.__early_init
                0x0000000010005856       0x10 .build/obj_europe_ergo_default/protocol/chibios/chibios.o
                0x0000000010005856                __early_init
 .text.boardInit
                0x0000000010005866        0xc .build/obj_europe_ergo_default/protocol/chibios/chibios.o
                0x0000000010005866                boardInit
 .text.protocol_setup
                0x0000000010005872        0x8 .build/obj_europe_ergo_default/protocol/chibios/chibios.o
                0x0000000010005872                protocol_setup
 *fill*         0x000000001000587a        0x2 
 .text.protocol_pre_init
                0x000000001000587c       0x34 .build/obj_europe_ergo_default/protocol/chibios/chibios.o
                0x000000001000587c                protocol_pre_init
 .text.protocol_post_init
                0x00000000100058b0       0x10 .build/obj_europe_ergo_default/protocol/chibios/chibios.o
                0x00000000100058b0                protocol_post_init
 .text.protocol_pre_task
                0x00000000100058c0       0x44 .build/obj_europe_ergo_default/protocol/chibios/chibios.o
                0x00000000100058c0                protocol_pre_task
 .text.protocol_post_task
                0x0000000010005904        0x8 .build/obj_europe_ergo_default/protocol/chibios/chibios.o
                0x0000000010005904                protocol_post_task
 .text.get_usb_descriptor
                0x000000001000590c       0x84 .build/obj_europe_ergo_default/usb_descriptor.o
                0x000000001000590c                get_usb_descriptor
 .text.port_lock
                0x0000000010005990       0x16 .build/obj_europe_ergo_default/protocol/chibios/usb_driver.o
 .text.port_unlock
                0x00000000100059a6       0x12 .build/obj_europe_ergo_default/protocol/chibios/usb_driver.o
 .text.obnotify
                0x00000000100059b8       0x3c .build/obj_europe_ergo_default/protocol/chibios/usb_driver.o
 .text._readt   0x00000000100059f4        0xa .build/obj_europe_ergo_default/protocol/chibios/usb_driver.o
 .text._read    0x00000000100059fe        0xe .build/obj_europe_ergo_default/protocol/chibios/usb_driver.o
 .text._writet  0x0000000010005a0c        0xa .build/obj_europe_ergo_default/protocol/chibios/usb_driver.o
 .text._write   0x0000000010005a16        0xe .build/obj_europe_ergo_default/protocol/chibios/usb_driver.o
 .text._gett    0x0000000010005a24        0xa .build/obj_europe_ergo_default/protocol/chibios/usb_driver.o
 .text._get     0x0000000010005a2e        0xe .build/obj_europe_ergo_default/protocol/chibios/usb_driver.o
 .text._putt    0x0000000010005a3c        0xa .build/obj_europe_ergo_default/protocol/chibios/usb_driver.o
 .text._put     0x0000000010005a46        0xe .build/obj_europe_ergo_default/protocol/chibios/usb_driver.o
 .text.qmkusb_start_receive.isra.0
                0x0000000010005a54       0x3a .build/obj_europe_ergo_default/protocol/chibios/usb_driver.o
 .text.ibnotify
                0x0000000010005a8e        0xa .build/obj_europe_ergo_default/protocol/chibios/usb_driver.o
 .text.qmkusbObjectInit
                0x0000000010005a98       0x50 .build/obj_europe_ergo_default/protocol/chibios/usb_driver.o
                0x0000000010005a98                qmkusbObjectInit
 .text.qmkusbStart
                0x0000000010005ae8       0x38 .build/obj_europe_ergo_default/protocol/chibios/usb_driver.o
                0x0000000010005ae8                qmkusbStart
 .text.qmkusbSuspendHookI
                0x0000000010005b20       0x30 .build/obj_europe_ergo_default/protocol/chibios/usb_driver.o
                0x0000000010005b20                qmkusbSuspendHookI
 .text.qmkusbWakeupHookI
                0x0000000010005b50       0x16 .build/obj_europe_ergo_default/protocol/chibios/usb_driver.o
                0x0000000010005b50                qmkusbWakeupHookI
 .text.qmkusbConfigureHookI
                0x0000000010005b66       0x2c .build/obj_europe_ergo_default/protocol/chibios/usb_driver.o
                0x0000000010005b66                qmkusbConfigureHookI
 *fill*         0x0000000010005b92        0x2 
 .text.qmkusbRequestsHook
                0x0000000010005b94       0x48 .build/obj_europe_ergo_default/protocol/chibios/usb_driver.o
                0x0000000010005b94                qmkusbRequestsHook
 .text.qmkusbSOFHookI
                0x0000000010005bdc       0x68 .build/obj_europe_ergo_default/protocol/chibios/usb_driver.o
                0x0000000010005bdc                qmkusbSOFHookI
 .text.qmkusbDataTransmitted
                0x0000000010005c44       0x78 .build/obj_europe_ergo_default/protocol/chibios/usb_driver.o
                0x0000000010005c44                qmkusbDataTransmitted
 .text.qmkusbDataReceived
                0x0000000010005cbc       0x3e .build/obj_europe_ergo_default/protocol/chibios/usb_driver.o
                0x0000000010005cbc                qmkusbDataReceived
 .text.qmkusbInterruptTransmitted
                0x0000000010005cfa        0x2 .build/obj_europe_ergo_default/protocol/chibios/usb_driver.o
                0x0000000010005cfa                qmkusbInterruptTransmitted
 .text.usb_disconnect
                0x0000000010005cfc       0x20 .build/obj_europe_ergo_default/protocol/chibios/usb_util.o
                0x0000000010005cfc                usb_disconnect
 .text.usb_connected_state
                0x0000000010005d1c       0x14 .build/obj_europe_ergo_default/protocol/chibios/usb_util.o
                0x0000000010005d1c                usb_connected_state
 .text.__core_init
                0x0000000010005d30       0x18 .build/obj_europe_ergo_default/./lib/chibios/os/oslib/src/chmemcore.o
                0x0000000010005d30                __core_init
 .text.__cpu_init
                0x0000000010005d48        0x2 .build/obj_europe_ergo/lib/chibios/os/common/startup/ARMCMx/compilers/GCC/crt1.o
                0x0000000010005d48                __cpu_init
 .text.__default_exit
                0x0000000010005d4a        0x2 .build/obj_europe_ergo/lib/chibios/os/common/startup/ARMCMx/compilers/GCC/crt1.o
                0x0000000010005d4a                __default_exit
 .text.__init_ram_areas
                0x0000000010005d4c       0x54 .build/obj_europe_ergo/lib/chibios/os/common/startup/ARMCMx/compilers/GCC/crt1.o
                0x0000000010005d4c                __init_ram_areas
 .text.chSysInit
                0x0000000010005da0       0x40 .build/obj_europe_ergo/lib/chibios/os/rt/src/chsys.o
                0x0000000010005da0                chSysInit
 .text.chSysHalt
                0x0000000010005de0       0x24 .build/obj_europe_ergo/lib/chibios/os/rt/src/chsys.o
                0x0000000010005de0                chSysHalt
 .text.chSysTimerHandlerI
                0x0000000010005e04        0x8 .build/obj_europe_ergo/lib/chibios/os/rt/src/chsys.o
                0x0000000010005e04                chSysTimerHandlerI
 .text.chSysPolledDelayX
                0x0000000010005e0c       0x14 .build/obj_europe_ergo/lib/chibios/os/rt/src/chsys.o
                0x0000000010005e0c                chSysPolledDelayX
 .text.chRFCUCollectFaultsI
                0x0000000010005e20       0x10 .build/obj_europe_ergo/lib/chibios/os/rt/src/chrfcu.o
                0x0000000010005e20                chRFCUCollectFaultsI
 .text.ch_dlist_insert
                0x0000000010005e30       0x2a .build/obj_europe_ergo/lib/chibios/os/rt/src/chvt.o
 *fill*         0x0000000010005e5a        0x2 
 .text.vt_insert_first
                0x0000000010005e5c       0x68 .build/obj_europe_ergo/lib/chibios/os/rt/src/chvt.o
 .text.vt_set_alarm
                0x0000000010005ec4       0x48 .build/obj_europe_ergo/lib/chibios/os/rt/src/chvt.o
 .text.vt_enqueue
                0x0000000010005f0c       0x44 .build/obj_europe_ergo/lib/chibios/os/rt/src/chvt.o
 .text.chVTDoSetI
                0x0000000010005f50       0x2c .build/obj_europe_ergo/lib/chibios/os/rt/src/chvt.o
                0x0000000010005f50                chVTDoSetI
 .text.chVTDoResetI
                0x0000000010005f7c       0x7c .build/obj_europe_ergo/lib/chibios/os/rt/src/chvt.o
                0x0000000010005f7c                chVTDoResetI
 .text.chVTDoTickI
                0x0000000010005ff8       0xe0 .build/obj_europe_ergo/lib/chibios/os/rt/src/chvt.o
                0x0000000010005ff8                chVTDoTickI
 .text.__sch_ready_behind
                0x00000000100060d8       0x1c .build/obj_europe_ergo/lib/chibios/os/rt/src/chschd.o
 .text.__sch_ready_ahead
                0x00000000100060f4       0x1c .build/obj_europe_ergo/lib/chibios/os/rt/src/chschd.o
 .text.__sch_wakeup
                0x0000000010006110       0x62 .build/obj_europe_ergo/lib/chibios/os/rt/src/chschd.o
 *fill*         0x0000000010006172        0x2 
 .text.chSchReadyI
                0x0000000010006174       0x2c .build/obj_europe_ergo/lib/chibios/os/rt/src/chschd.o
                0x0000000010006174                chSchReadyI
 .text.chSchGoSleepS
                0x00000000100061a0       0x2c .build/obj_europe_ergo/lib/chibios/os/rt/src/chschd.o
                0x00000000100061a0                chSchGoSleepS
 .text.chSchGoSleepTimeoutS
                0x00000000100061cc       0x4c .build/obj_europe_ergo/lib/chibios/os/rt/src/chschd.o
                0x00000000100061cc                chSchGoSleepTimeoutS
 .text.chSchWakeupS
                0x0000000010006218       0x50 .build/obj_europe_ergo/lib/chibios/os/rt/src/chschd.o
                0x0000000010006218                chSchWakeupS
 .text.chSchIsPreemptionRequired
                0x0000000010006268       0x24 .build/obj_europe_ergo/lib/chibios/os/rt/src/chschd.o
                0x0000000010006268                chSchIsPreemptionRequired
 .text.chSchDoPreemption
                0x000000001000628c       0x34 .build/obj_europe_ergo/lib/chibios/os/rt/src/chschd.o
                0x000000001000628c                chSchDoPreemption
 .text.chSchRescheduleS